{"allocated_bytes":18084,"diagnostic_ns":22542,"peak_additional_rust_heap_bytes":8080,"phase":"export","retained_additional_rust_heap_bytes":7752}
{"allocated_bytes":91520,"diagnostic_ns":56125,"peak_additional_rust_heap_bytes":68672,"phase":"conversion","retained_additional_rust_heap_bytes":47104}
{"allocated_bytes":389048,"diagnostic_ns":415708,"peak_additional_rust_heap_bytes":124555,"phase":"planning","retained_additional_rust_heap_bytes":119752}
{"allocated_bytes":2025750,"diagnostic_ns":663042,"peak_additional_rust_heap_bytes":1876512,"phase":"first_execution","retained_additional_rust_heap_bytes":1781088}
{"allocated_bytes":1294870,"diagnostic_ns":522209,"peak_additional_rust_heap_bytes":1144816,"phase":"warm_execution","retained_additional_rust_heap_bytes":1049344}
{"allocated_bytes":2103560,"diagnostic_ns":165292,"peak_additional_rust_heap_bytes":2101996,"phase":"ad_input","retained_additional_rust_heap_bytes":2101996}
{"allocated_bytes":214320312,"diagnostic_ns":4807167,"peak_additional_rust_heap_bytes":3323304,"phase":"ad_forward_tape","retained_additional_rust_heap_bytes":173584}
{"allocated_bytes":12160415,"diagnostic_ns":2207458,"peak_additional_rust_heap_bytes":7472958,"phase":"ad_backward","retained_additional_rust_heap_bytes":5863606}
{"depth":100,"note":"Rust allocator instrumentation excludes provider allocations; timings include instrumentation. Not RSS.","operation":"conj","qubits":16,"state_bytes":1048576}
        0.01 real         0.00 user         0.00 sys
            22446080  maximum resident set size
                   0  average shared memory size
                   0  average unshared data size
                   0  average unshared stack size
                1553  page reclaims
                   0  page faults
                   0  swaps
                   0  block input operations
                   0  block output operations
                   0  messages sent
                   0  messages received
                   0  signals received
                   0  voluntary context switches
                  15  involuntary context switches
           144316059  instructions retired
            36942134  cycles elapsed
            16400792  peak memory footprint
