{"backend":"custom","depth":100,"parameters":300,"qubits":8,"state_bytes":4096}
{"allocated_bytes":236716,"diagnostic_ns":283083,"peak_additional_rust_heap_bytes":117648,"phase":"circuit_ad_forward_tape","retained_additional_rust_heap_bytes":39308}
{"allocated_bytes":1642764,"diagnostic_ns":1432917,"peak_additional_rust_heap_bytes":332621,"phase":"circuit_ad_backward","retained_additional_rust_heap_bytes":143060}
{"loss":2.076104267444915,"note":"Rust heap instrumentation; excludes native provider allocations. RSS includes startup, forward and backward. Diagnostic times are not benchmark timings.","output_values":557,"status":"complete"}
        0.00 real         0.00 user         0.00 sys
             8388608  maximum resident set size
                   0  average shared memory size
                   0  average unshared data size
                   0  average unshared stack size
                 695  page reclaims
                   0  page faults
                   0  swaps
                   0  block input operations
                   0  block output operations
                   0  messages sent
                   0  messages received
                   0  signals received
                   0  voluntary context switches
                   4  involuntary context switches
            60507672  instructions retired
            13788422  cycles elapsed
             2769304  peak memory footprint
