{"backend":"native","depth":100,"parameters":300,"qubits":8,"state_bytes":4096}
{"allocated_bytes":310920,"diagnostic_ns":402583,"peak_additional_rust_heap_bytes":106381,"phase":"native_value_and_grad","retained_additional_rust_heap_bytes":8912}
{"loss":2.076104267444915,"note":"Rust heap instrumentation; excludes native provider allocations. RSS includes startup, forward and backward. Diagnostic times are not benchmark timings.","output_values":557,"status":"complete"}
        0.00 real         0.00 user         0.00 sys
             2752512  maximum resident set size
                   0  average shared memory size
                   0  average unshared data size
                   0  average unshared stack size
                 351  page reclaims
                   0  page faults
                   0  swaps
                   0  block input operations
                   0  block output operations
                   0  messages sent
                   0  messages received
                   0  signals received
                   0  voluntary context switches
                   6  involuntary context switches
            34342391  instructions retired
             8288181  cycles elapsed
             1737088  peak memory footprint
