{"backend":"native","depth":100,"parameters":300,"qubits":16,"state_bytes":1048576}
{"allocated_bytes":6577928,"diagnostic_ns":85066583,"peak_additional_rust_heap_bytes":5328845,"phase":"native_value_and_grad","retained_additional_rust_heap_bytes":1053392}
{"loss":2.0047589912660806,"note":"Rust heap instrumentation; excludes native provider allocations. RSS includes startup, forward and backward. Diagnostic times are not benchmark timings.","output_values":65837,"status":"complete"}
        0.08 real         0.08 user         0.00 sys
            10092544  maximum resident set size
                   0  average shared memory size
                   0  average unshared data size
                   0  average unshared stack size
                 799  page reclaims
                   0  page faults
                   0  swaps
                   0  block input operations
                   0  block output operations
                   0  messages sent
                   0  messages received
                   0  signals received
                   0  voluntary context switches
                   5  involuntary context switches
          2806841961  instructions retired
           353104512  cycles elapsed
             9077120  peak memory footprint
