{"allocated_bytes":18084,"diagnostic_ns":23875,"peak_additional_rust_heap_bytes":8080,"phase":"export","retained_additional_rust_heap_bytes":7752}
{"allocated_bytes":91520,"diagnostic_ns":40000,"peak_additional_rust_heap_bytes":68672,"phase":"conversion","retained_additional_rust_heap_bytes":47104}
{"allocated_bytes":405684,"diagnostic_ns":376375,"peak_additional_rust_heap_bytes":125111,"phase":"planning","retained_additional_rust_heap_bytes":120308}
{"allocated_bytes":2120641,"diagnostic_ns":597584,"peak_additional_rust_heap_bytes":1966912,"phase":"first_execution","retained_additional_rust_heap_bytes":1872320}
{"allocated_bytes":1299649,"diagnostic_ns":443750,"peak_additional_rust_heap_bytes":1143984,"phase":"warm_execution","retained_additional_rust_heap_bytes":1049344}
{"allocated_bytes":2103560,"diagnostic_ns":142958,"peak_additional_rust_heap_bytes":2101996,"phase":"ad_input","retained_additional_rust_heap_bytes":2101996}
{"allocated_bytes":637147820,"diagnostic_ns":52848500,"peak_additional_rust_heap_bytes":110689172,"phase":"ad_forward_tape","retained_additional_rust_heap_bytes":105431356}
{"allocated_bytes":430703840,"diagnostic_ns":157146250,"peak_additional_rust_heap_bytes":300064218,"phase":"ad_backward","retained_additional_rust_heap_bytes":140283682}
{"depth":100,"note":"Rust allocator instrumentation excludes provider allocations; timings include instrumentation. Not RSS.","operation":"scaled_sin","qubits":16,"state_bytes":1048576}
        0.23 real         0.20 user         0.02 sys
           442073088  maximum resident set size
                   0  average shared memory size
                   0  average unshared data size
                   0  average unshared stack size
               27165  page reclaims
                   0  page faults
                   0  swaps
                   0  block input operations
                   0  block output operations
                   0  messages sent
                   0  messages received
                   0  signals received
                   0  voluntary context switches
                  15  involuntary context switches
          4687290706  instructions retired
           921297050  cycles elapsed
           436028136  peak memory footprint
