{"backend":"composed","depth":100,"parameters":300,"qubits":8,"state_bytes":4096}
{"allocated_bytes":67084772,"diagnostic_ns":23064709,"peak_additional_rust_heap_bytes":8935760,"phase":"circuit_ad_forward_tape","retained_additional_rust_heap_bytes":8729356}
time: command terminated abnormally
       30.27 real        29.92 user         0.34 sys
          3291168768  maximum resident set size
                   0  average shared memory size
                   0  average unshared data size
                   0  average unshared stack size
              325791  page reclaims
                   4  page faults
                   0  swaps
                   0  block input operations
                   0  block output operations
                   0  messages sent
                   0  messages received
                   0  signals received
                   0  voluntary context switches
                 110  involuntary context switches
        303800315134  instructions retired
        132855837074  cycles elapsed
          3287600776  peak memory footprint
