{"allocated_bytes":15100,"diagnostic_ns":31917,"peak_additional_rust_heap_bytes":7848,"phase":"export","retained_additional_rust_heap_bytes":6664}
{"allocated_bytes":90816,"diagnostic_ns":49542,"peak_additional_rust_heap_bytes":68672,"phase":"conversion","retained_additional_rust_heap_bytes":46592}
{"allocated_bytes":298880,"diagnostic_ns":426750,"peak_additional_rust_heap_bytes":103111,"phase":"planning","retained_additional_rust_heap_bytes":93660}
{"allocated_bytes":321815,"diagnostic_ns":321042,"peak_additional_rust_heap_bytes":208216,"phase":"first_execution","retained_additional_rust_heap_bytes":134336}
{"allocated_bytes":255287,"diagnostic_ns":197042,"peak_additional_rust_heap_bytes":140392,"phase":"warm_execution","retained_additional_rust_heap_bytes":66272}
{"allocated_bytes":137480,"diagnostic_ns":32625,"peak_additional_rust_heap_bytes":135916,"phase":"ad_input","retained_additional_rust_heap_bytes":135916}
{"allocated_bytes":14271672,"diagnostic_ns":803791,"peak_additional_rust_heap_bytes":374184,"phase":"ad_forward_tape","retained_additional_rust_heap_bytes":173584}
{"allocated_bytes":6262175,"diagnostic_ns":2183750,"peak_additional_rust_heap_bytes":1574718,"phase":"ad_backward","retained_additional_rust_heap_bytes":948406}
{"depth":100,"note":"Rust allocator instrumentation excludes provider allocations; timings include instrumentation. Not RSS.","operation":"conj","qubits":12,"state_bytes":65536}
        0.00 real         0.00 user         0.00 sys
            11583488  maximum resident set size
                   0  average shared memory size
                   0  average unshared data size
                   0  average unshared stack size
                 891  page reclaims
                   0  page faults
                   0  swaps
                   0  block input operations
                   0  block output operations
                   0  messages sent
                   0  messages received
                   0  signals received
                   0  voluntary context switches
                  15  involuntary context switches
            70145820  instructions retired
            18494869  cycles elapsed
             5538200  peak memory footprint
