{"allocated_bytes":18084,"diagnostic_ns":22750,"peak_additional_rust_heap_bytes":8080,"phase":"export","retained_additional_rust_heap_bytes":7752}
{"allocated_bytes":91520,"diagnostic_ns":39125,"peak_additional_rust_heap_bytes":68672,"phase":"conversion","retained_additional_rust_heap_bytes":47104}
{"allocated_bytes":370192,"diagnostic_ns":359792,"peak_additional_rust_heap_bytes":124291,"phase":"planning","retained_additional_rust_heap_bytes":119488}
{"allocated_bytes":2225672,"diagnostic_ns":594708,"peak_additional_rust_heap_bytes":2074144,"phase":"first_execution","retained_additional_rust_heap_bytes":1978816}
{"allocated_bytes":1297160,"diagnostic_ns":452209,"peak_additional_rust_heap_bytes":1144720,"phase":"warm_execution","retained_additional_rust_heap_bytes":1049344}
{"allocated_bytes":2103560,"diagnostic_ns":144541,"peak_additional_rust_heap_bytes":2101996,"phase":"ad_input","retained_additional_rust_heap_bytes":2101996}
{"allocated_bytes":637147820,"diagnostic_ns":54037583,"peak_additional_rust_heap_bytes":110689172,"phase":"ad_forward_tape","retained_additional_rust_heap_bytes":105431356}
{"allocated_bytes":430703840,"diagnostic_ns":158975625,"peak_additional_rust_heap_bytes":300064218,"phase":"ad_backward","retained_additional_rust_heap_bytes":140283682}
{"depth":100,"note":"Rust allocator instrumentation excludes provider allocations; timings include instrumentation. Not RSS.","operation":"scaled_sin","qubits":16,"state_bytes":1048576}
        0.23 real         0.20 user         0.02 sys
           442056704  maximum resident set size
                   0  average shared memory size
                   0  average unshared data size
                   0  average unshared stack size
               27163  page reclaims
                   0  page faults
                   0  swaps
                   0  block input operations
                   0  block output operations
                   0  messages sent
                   0  messages received
                   0  signals received
                   0  voluntary context switches
                  20  involuntary context switches
          4683841127  instructions retired
           924287531  cycles elapsed
           436208336  peak memory footprint
