{"allocated_bytes":15100,"diagnostic_ns":27542,"peak_additional_rust_heap_bytes":7848,"phase":"export","retained_additional_rust_heap_bytes":6664}
{"allocated_bytes":90816,"diagnostic_ns":46375,"peak_additional_rust_heap_bytes":68672,"phase":"conversion","retained_additional_rust_heap_bytes":46592}
{"allocated_bytes":252760,"diagnostic_ns":336917,"peak_additional_rust_heap_bytes":102499,"phase":"planning","retained_additional_rust_heap_bytes":91684}
{"allocated_bytes":245693,"diagnostic_ns":286666,"peak_additional_rust_heap_bytes":149184,"phase":"first_execution","retained_additional_rust_heap_bytes":76704}
{"allocated_bytes":235837,"diagnostic_ns":156208,"peak_additional_rust_heap_bytes":138800,"phase":"warm_execution","retained_additional_rust_heap_bytes":66272}
{"allocated_bytes":137480,"diagnostic_ns":36333,"peak_additional_rust_heap_bytes":135916,"phase":"ad_input","retained_additional_rust_heap_bytes":135916}
{"allocated_bytes":14271672,"diagnostic_ns":890916,"peak_additional_rust_heap_bytes":374184,"phase":"ad_forward_tape","retained_additional_rust_heap_bytes":173584}
{"allocated_bytes":6262175,"diagnostic_ns":2105833,"peak_additional_rust_heap_bytes":1574718,"phase":"ad_backward","retained_additional_rust_heap_bytes":948406}
{"depth":100,"note":"Rust allocator instrumentation excludes provider allocations; timings include instrumentation. Not RSS.","operation":"conj","qubits":12,"state_bytes":65536}
        0.00 real         0.00 user         0.00 sys
            11173888  maximum resident set size
                   0  average shared memory size
                   0  average unshared data size
                   0  average unshared stack size
                 863  page reclaims
                   0  page faults
                   0  swaps
                   0  block input operations
                   0  block output operations
                   0  messages sent
                   0  messages received
                   0  signals received
                   0  voluntary context switches
                  16  involuntary context switches
            68179212  instructions retired
            18385661  cycles elapsed
             5325184  peak memory footprint
