{"allocated_bytes":15100,"diagnostic_ns":31375,"peak_additional_rust_heap_bytes":7848,"phase":"export","retained_additional_rust_heap_bytes":6664}
{"allocated_bytes":90816,"diagnostic_ns":51542,"peak_additional_rust_heap_bytes":68672,"phase":"conversion","retained_additional_rust_heap_bytes":46592}
{"allocated_bytes":268292,"diagnostic_ns":421167,"peak_additional_rust_heap_bytes":102579,"phase":"planning","retained_additional_rust_heap_bytes":92552}
{"allocated_bytes":276058,"diagnostic_ns":373917,"peak_additional_rust_heap_bytes":171520,"phase":"first_execution","retained_additional_rust_heap_bytes":97088}
{"allocated_bytes":246010,"diagnostic_ns":197541,"peak_additional_rust_heap_bytes":140752,"phase":"warm_execution","retained_additional_rust_heap_bytes":66272}
{"allocated_bytes":137480,"diagnostic_ns":42917,"peak_additional_rust_heap_bytes":135916,"phase":"ad_input","retained_additional_rust_heap_bytes":135916}
{"allocated_bytes":1661144,"diagnostic_ns":242916,"peak_additional_rust_heap_bytes":223512,"phase":"ad_forward_tape","retained_additional_rust_heap_bytes":23440}
{"allocated_bytes":1302782,"diagnostic_ns":721875,"peak_additional_rust_heap_bytes":621254,"phase":"ad_backward","retained_additional_rust_heap_bytes":428430}
{"depth":10,"note":"Rust allocator instrumentation excludes provider allocations; timings include instrumentation. Not RSS.","operation":"conj","qubits":12,"state_bytes":65536}
        0.00 real         0.00 user         0.00 sys
             9306112  maximum resident set size
                   0  average shared memory size
                   0  average unshared data size
                   0  average unshared stack size
                 749  page reclaims
                   0  page faults
                   0  swaps
                   0  block input operations
                   0  block output operations
                   0  messages sent
                   0  messages received
                   0  signals received
                   0  voluntary context switches
                  14  involuntary context switches
            37346336  instructions retired
            11858978  cycles elapsed
             3473816  peak memory footprint
