{"allocated_bytes":8732,"diagnostic_ns":25750,"peak_additional_rust_heap_bytes":4128,"phase":"export","retained_additional_rust_heap_bytes":3880}
{"allocated_bytes":45056,"diagnostic_ns":50125,"peak_additional_rust_heap_bytes":34368,"phase":"conversion","retained_additional_rust_heap_bytes":23552}
{"allocated_bytes":157996,"diagnostic_ns":320750,"peak_additional_rust_heap_bytes":70339,"phase":"planning","retained_additional_rust_heap_bytes":66828}
{"allocated_bytes":116399,"diagnostic_ns":258791,"peak_additional_rust_heap_bytes":69432,"phase":"first_execution","retained_additional_rust_heap_bytes":8384}
{"allocated_bytes":112495,"diagnostic_ns":110250,"peak_additional_rust_heap_bytes":69144,"phase":"warm_execution","retained_additional_rust_heap_bytes":4096}
{"allocated_bytes":14600,"diagnostic_ns":44625,"peak_additional_rust_heap_bytes":13036,"phase":"ad_input","retained_additional_rust_heap_bytes":13036}
{"allocated_bytes":1768632,"diagnostic_ns":656250,"peak_additional_rust_heap_bytes":189864,"phase":"ad_forward_tape","retained_additional_rust_heap_bytes":173584}
{"allocated_bytes":5892983,"diagnostic_ns":2786625,"peak_additional_rust_heap_bytes":1206078,"phase":"ad_backward","retained_additional_rust_heap_bytes":641206}
{"depth":100,"note":"Rust allocator instrumentation excludes provider allocations; timings include instrumentation. Not RSS.","operation":"conj","qubits":8,"state_bytes":4096}
        0.00 real         0.00 user         0.00 sys
            10551296  maximum resident set size
                   0  average shared memory size
                   0  average unshared data size
                   0  average unshared stack size
                 826  page reclaims
                   0  page faults
                   0  swaps
                   0  block input operations
                   0  block output operations
                   0  messages sent
                   0  messages received
                   0  signals received
                   0  voluntary context switches
                  15  involuntary context switches
            60318550  instructions retired
            16085853  cycles elapsed
             4735360  peak memory footprint
