{"allocated_bytes":24374,"diagnostic_ns":26375,"peak_additional_rust_heap_bytes":16446,"phase":"circuit","retained_additional_rust_heap_bytes":11142}
{"allocated_bytes":256,"diagnostic_ns":125,"peak_additional_rust_heap_bytes":256,"phase":"input","retained_additional_rust_heap_bytes":256}
{"allocated_bytes":39246,"diagnostic_ns":40667,"peak_additional_rust_heap_bytes":19104,"phase":"trajectory_prepare","retained_additional_rust_heap_bytes":3936}
{"allocated_bytes":441868,"diagnostic_ns":2026209,"peak_additional_rust_heap_bytes":38344,"phase":"trajectory_execute","retained_additional_rust_heap_bytes":34392}
{"statistics":{"covariance":0.014209547821791284,"mean":[0.17923707792385477,0.036660512374078004],"sample_variance":[0.09038772174690306,0.002338220218479969],"seed":19,"standard_error":[0.018790344277682624,0.003022196672693122],"threads":4,"trajectories":256}}
{"backend":"trajectory","mean":[0.17923707792385477,0.036660512374078004],"note":"Rust heap instrumented; diagnostic times are not benchmark times. RSS includes process startup and allocator retention.","qubits":4,"state_bytes":256,"status":"complete","threads":4,"trajectories":256}
        0.00 real         0.00 user         0.00 sys
             2998272  maximum resident set size
                   0  average shared memory size
                   0  average unshared data size
                   0  average unshared stack size
                 374  page reclaims
                   0  page faults
                   0  swaps
                   0  block input operations
                   0  block output operations
                   0  messages sent
                   0  messages received
                   0  signals received
                   0  voluntary context switches
                 246  involuntary context switches
            49355621  instructions retired
            23147783  cycles elapsed
             1671528  peak memory footprint
