{"allocated_bytes":12048,"diagnostic_ns":10750,"peak_additional_rust_heap_bytes":8200,"phase":"circuit","retained_additional_rust_heap_bytes":5664}
{"allocated_bytes":65536,"diagnostic_ns":4041,"peak_additional_rust_heap_bytes":65536,"phase":"input","retained_additional_rust_heap_bytes":65536}
{"allocated_bytes":22512,"diagnostic_ns":15750,"peak_additional_rust_heap_bytes":9304,"phase":"trajectory_prepare","retained_additional_rust_heap_bytes":2880}
{"allocated_bytes":804700,"diagnostic_ns":28676667,"peak_additional_rust_heap_bytes":560584,"phase":"trajectory_execute","retained_additional_rust_heap_bytes":34328}
{"statistics":{"covariance":0.0,"mean":[0.6621694353111568,0.0],"sample_variance":[0.470308007926928,0.0],"seed":19,"standard_error":[0.042861878819815666,0.0],"threads":4,"trajectories":256}}
{"backend":"trajectory","mean":[0.6621694353111568,0.0],"note":"Rust heap instrumented; diagnostic times are not benchmark times. RSS includes process startup and allocator retention.","qubits":12,"state_bytes":65536,"status":"complete","threads":4,"trajectories":256}
        0.03 real         0.08 user         0.00 sys
             3571712  maximum resident set size
                   0  average shared memory size
                   0  average unshared data size
                   0  average unshared stack size
                 405  page reclaims
                   0  page faults
                   0  swaps
                   0  block input operations
                   0  block output operations
                   0  messages sent
                   0  messages received
                   0  signals received
                   0  voluntary context switches
                 554  involuntary context switches
          1554317221  instructions retired
           330731345  cycles elapsed
             2277784  peak memory footprint
