{"allocated_bytes":12704,"diagnostic_ns":12125,"peak_additional_rust_heap_bytes":8200,"phase":"circuit","retained_additional_rust_heap_bytes":5760}
{"allocated_bytes":1048576,"diagnostic_ns":46375,"peak_additional_rust_heap_bytes":1048576,"phase":"input","retained_additional_rust_heap_bytes":1048576}
{"allocated_bytes":27168,"diagnostic_ns":18500,"peak_additional_rust_heap_bytes":9472,"phase":"trajectory_prepare","retained_additional_rust_heap_bytes":3840}
{"allocated_bytes":8503148,"diagnostic_ns":112354542,"peak_additional_rust_heap_bytes":8423736,"phase":"trajectory_execute","retained_additional_rust_heap_bytes":34328}
{"statistics":{"covariance":0.0,"mean":[0.6844897533553582,0.0],"sample_variance":[0.4453719424841022,0.0],"seed":19,"standard_error":[0.083420240956941,0.0],"threads":4,"trajectories":64}}
{"backend":"trajectory","mean":[0.6844897533553582,0.0],"note":"Rust heap instrumented; diagnostic times are not benchmark times. RSS includes process startup and allocator retention.","qubits":16,"state_bytes":1048576,"status":"complete","threads":4,"trajectories":64}
        0.11 real         0.40 user         0.00 sys
            12435456  maximum resident set size
                   0  average shared memory size
                   0  average unshared data size
                   0  average unshared stack size
                 947  page reclaims
                   0  page faults
                   0  swaps
                   0  block input operations
                   0  block output operations
                   0  messages sent
                   0  messages received
                   0  signals received
                   0  voluntary context switches
                 222  involuntary context switches
          7661979242  instructions retired
          1572519260  cycles elapsed
            11141528  peak memory footprint
