{"allocated_bytes":49758,"diagnostic_ns":29208,"peak_additional_rust_heap_bytes":32902,"phase":"circuit","retained_additional_rust_heap_bytes":22318}
{"allocated_bytes":4096,"diagnostic_ns":166,"peak_additional_rust_heap_bytes":4096,"phase":"input","retained_additional_rust_heap_bytes":4096}
{"allocated_bytes":81590,"diagnostic_ns":35959,"peak_additional_rust_heap_bytes":37216,"phase":"trajectory_prepare","retained_additional_rust_heap_bytes":7872}
{"allocated_bytes":741188,"diagnostic_ns":12043292,"peak_additional_rust_heap_bytes":8288,"phase":"trajectory_execute","retained_additional_rust_heap_bytes":0}
{"statistics":{"covariance":0.008155845964380735,"mean":[0.05500763552022931,0.01768432107694406],"sample_variance":[0.048524514142024605,0.0014902035051285862],"seed":19,"standard_error":[0.013767675307301651,0.002412697130165438],"threads":1,"trajectories":256}}
{"backend":"trajectory","mean":[0.05500763552022931,0.01768432107694406],"note":"Rust heap instrumented; diagnostic times are not benchmark times. RSS includes process startup and allocator retention.","qubits":8,"state_bytes":4096,"status":"complete","threads":1,"trajectories":256}
        0.01 real         0.01 user         0.00 sys
             2703360  maximum resident set size
                   0  average shared memory size
                   0  average unshared data size
                   0  average unshared stack size
                 349  page reclaims
                   0  page faults
                   0  swaps
                   0  block input operations
                   0  block output operations
                   0  messages sent
                   0  messages received
                   0  signals received
                   0  voluntary context switches
                   6  involuntary context switches
           266112001  instructions retired
            47427386  cycles elapsed
             1524096  peak memory footprint
