{"allocated_bytes":12704,"diagnostic_ns":11416,"peak_additional_rust_heap_bytes":8200,"phase":"circuit","retained_additional_rust_heap_bytes":5760}
{"allocated_bytes":1048576,"diagnostic_ns":41292,"peak_additional_rust_heap_bytes":1048576,"phase":"input","retained_additional_rust_heap_bytes":1048576}
{"allocated_bytes":27168,"diagnostic_ns":17584,"peak_additional_rust_heap_bytes":9472,"phase":"trajectory_prepare","retained_additional_rust_heap_bytes":3840}
{"allocated_bytes":8742748,"diagnostic_ns":451270375,"peak_additional_rust_heap_bytes":8424904,"phase":"trajectory_execute","retained_additional_rust_heap_bytes":34328}
{"statistics":{"covariance":0.0,"mean":[0.6621694353111628,0.0],"sample_variance":[0.47030800792692934,0.0],"seed":19,"standard_error":[0.04286187881981572,0.0],"threads":4,"trajectories":256}}
{"backend":"trajectory","mean":[0.6621694353111628,0.0],"note":"Rust heap instrumented; diagnostic times are not benchmark times. RSS includes process startup and allocator retention.","qubits":16,"state_bytes":1048576,"status":"complete","threads":4,"trajectories":256}
        0.45 real         1.62 user         0.00 sys
            12468224  maximum resident set size
                   0  average shared memory size
                   0  average unshared data size
                   0  average unshared stack size
                 949  page reclaims
                   0  page faults
                   0  swaps
                   0  block input operations
                   0  block output operations
                   0  messages sent
                   0  messages received
                   0  signals received
                   0  voluntary context switches
                 766  involuntary context switches
         30567948050  instructions retired
          6193725596  cycles elapsed
            11157888  peak memory footprint
