{"allocated_bytes":18084,"diagnostic_ns":25916,"peak_additional_rust_heap_bytes":8080,"phase":"export","retained_additional_rust_heap_bytes":7752}
{"allocated_bytes":91520,"diagnostic_ns":54958,"peak_additional_rust_heap_bytes":68672,"phase":"conversion","retained_additional_rust_heap_bytes":47104}
{"allocated_bytes":411972,"diagnostic_ns":530958,"peak_additional_rust_heap_bytes":125259,"phase":"planning","retained_additional_rust_heap_bytes":120976}
{"allocated_bytes":1831380,"diagnostic_ns":672500,"peak_additional_rust_heap_bytes":1666680,"phase":"first_execution","retained_additional_rust_heap_bytes":1572096}
{"allocated_bytes":1310612,"diagnostic_ns":553917,"peak_additional_rust_heap_bytes":1143976,"phase":"warm_execution","retained_additional_rust_heap_bytes":1049344}
{"allocated_bytes":2103560,"diagnostic_ns":167834,"peak_additional_rust_heap_bytes":2101996,"phase":"ad_input","retained_additional_rust_heap_bytes":2101996}
{"allocated_bytes":24762584,"diagnostic_ns":897833,"peak_additional_rust_heap_bytes":3172632,"phase":"ad_forward_tape","retained_additional_rust_heap_bytes":23440}
{"allocated_bytes":7201022,"diagnostic_ns":1081958,"peak_additional_rust_heap_bytes":6519494,"phase":"ad_backward","retained_additional_rust_heap_bytes":5343630}
{"depth":10,"note":"Rust allocator instrumentation excludes provider allocations; timings include instrumentation. Not RSS.","operation":"conj","qubits":16,"state_bytes":1048576}
        0.00 real         0.00 user         0.00 sys
            20529152  maximum resident set size
                   0  average shared memory size
                   0  average unshared data size
                   0  average unshared stack size
                1438  page reclaims
                   0  page faults
                   0  swaps
                   0  block input operations
                   0  block output operations
                   0  messages sent
                   0  messages received
                   0  signals received
                   0  voluntary context switches
                  14  involuntary context switches
            77875184  instructions retired
            18660355  cycles elapsed
            14057856  peak memory footprint
