{"allocated_bytes":197296,"diagnostic_ns":109333,"peak_additional_rust_heap_bytes":197296,"phase":"matrix_inputs","retained_additional_rust_heap_bytes":197192}
{"allocated_bytes":2772,"diagnostic_ns":11167,"peak_additional_rust_heap_bytes":1604,"phase":"slice_planning","retained_additional_rust_heap_bytes":1064}
{"backend":"omeinsum","dimension":64,"estimate":{"concurrent_slices":1,"estimated_total_bytes":269287424,"input_bytes":196608,"largest_intermediate_bytes":268435456,"omeco_peak_bytes":268566528,"output_bytes":65536,"slices":1,"worker_buffer_bytes":269025280,"workspace_reserved_bytes":0},"kind":"outer","labels":[],"mode":"unsliced","tree":{"args":[{"args":[{"isleaf":true,"tensorindex":0},{"isleaf":true,"tensorindex":1}],"eins":{"ixs":[[0,1],[2,3]],"iy":[0,1,2,3]},"isleaf":false},{"isleaf":true,"tensorindex":2}],"eins":{"ixs":[[0,1,2,3],[1,2]],"iy":[0,3]},"isleaf":false}}
{"allocated_bytes":537402004,"diagnostic_ns":47221167,"peak_additional_rust_heap_bytes":537135828,"phase":"slice_execution","retained_additional_rust_heap_bytes":65536}
{"checksum":11137.956114973036,"status":"complete"}
        0.05 real         0.03 user         0.02 sys
           540278784  maximum resident set size
                   0  average shared memory size
                   0  average unshared data size
                   0  average unshared stack size
               33160  page reclaims
                   0  page faults
                   0  swaps
                   0  block input operations
                   0  block output operations
                   0  messages sent
                   0  messages received
                   0  signals received
                   0  voluntary context switches
                   5  involuntary context switches
           690854732  instructions retired
           212404036  cycles elapsed
           539099904  peak memory footprint
