{"allocated_bytes":49840,"diagnostic_ns":44416,"peak_additional_rust_heap_bytes":49840,"phase":"matrix_inputs","retained_additional_rust_heap_bytes":49736}
{"allocated_bytes":5140,"diagnostic_ns":16500,"peak_additional_rust_heap_bytes":2712,"phase":"slice_planning","retained_additional_rust_heap_bytes":1080}
{"backend":"omeinsum","dimension":32,"estimate":{"concurrent_slices":1,"estimated_total_bytes":673792,"input_bytes":49152,"largest_intermediate_bytes":524288,"omeco_peak_bytes":541184,"output_bytes":16384,"slices":32,"worker_buffer_bytes":608256,"workspace_reserved_bytes":0},"kind":"outer","labels":[0],"mode":"fixed_output","tree":{"args":[{"args":[{"isleaf":true,"tensorindex":0},{"isleaf":true,"tensorindex":1}],"eins":{"ixs":[[0,1],[2,3]],"iy":[0,1,2,3]},"isleaf":false},{"isleaf":true,"tensorindex":2}],"eins":{"ixs":[[0,1,2,3],[1,2]],"iy":[0,3]},"isleaf":false}}
{"allocated_bytes":19728020,"diagnostic_ns":2876542,"peak_additional_rust_heap_bytes":1135720,"phase":"slice_execution","retained_additional_rust_heap_bytes":540932}
{"checksum":17790.3979585884,"status":"complete"}
        0.00 real         0.00 user         0.00 sys
             4325376  maximum resident set size
                   0  average shared memory size
                   0  average unshared data size
                   0  average unshared stack size
                 448  page reclaims
                   0  page faults
                   0  swaps
                   0  block input operations
                   0  block output operations
                   0  messages sent
                   0  messages received
                   0  signals received
                   0  voluntary context switches
                   5  involuntary context switches
            62889766  instructions retired
            18013097  cycles elapsed
             2851200  peak memory footprint
