{"allocated_bytes":8732,"diagnostic_ns":195416,"peak_additional_rust_heap_bytes":4128,"phase":"export","retained_additional_rust_heap_bytes":3880}
{"allocated_bytes":45056,"diagnostic_ns":382417,"peak_additional_rust_heap_bytes":34368,"phase":"conversion","retained_additional_rust_heap_bytes":23552}
{"allocated_bytes":161088,"diagnostic_ns":1020042,"peak_additional_rust_heap_bytes":70287,"phase":"planning","retained_additional_rust_heap_bytes":66872}
{"allocated_bytes":116118,"diagnostic_ns":1765458,"peak_additional_rust_heap_bytes":69432,"phase":"first_execution","retained_additional_rust_heap_bytes":7872}
{"allocated_bytes":112918,"diagnostic_ns":158375,"peak_additional_rust_heap_bytes":69144,"phase":"warm_execution","retained_additional_rust_heap_bytes":4096}
{"allocated_bytes":14600,"diagnostic_ns":429416,"peak_additional_rust_heap_bytes":13036,"phase":"ad_input","retained_additional_rust_heap_bytes":13036}
{"allocated_bytes":217304,"diagnostic_ns":957291,"peak_additional_rust_heap_bytes":39656,"phase":"ad_forward_tape","retained_additional_rust_heap_bytes":23440}
{"allocated_bytes":933590,"diagnostic_ns":2460500,"peak_additional_rust_heap_bytes":252614,"phase":"ad_backward","retained_additional_rust_heap_bytes":121230}
{"depth":10,"note":"Rust allocator instrumentation excludes provider allocations; timings include instrumentation. Not RSS.","operation":"conj","qubits":8,"state_bytes":4096}
        1.31 real         0.00 user         0.01 sys
             9175040  maximum resident set size
                   0  average shared memory size
                   0  average unshared data size
                   0  average unshared stack size
                 748  page reclaims
                   0  page faults
                   0  swaps
                   0  block input operations
                   0  block output operations
                   0  messages sent
                   0  messages received
                   0  signals received
                   0  voluntary context switches
                  18  involuntary context switches
            49524651  instructions retired
            34956519  cycles elapsed
             2736536  peak memory footprint
