{"allocated_bytes":49736,"diagnostic_ns":33500,"peak_additional_rust_heap_bytes":49736,"phase":"matrix_inputs","retained_additional_rust_heap_bytes":49736}
{"allocated_bytes":91971,"diagnostic_ns":103791,"peak_additional_rust_heap_bytes":39830,"phase":"slice_planning","retained_additional_rust_heap_bytes":35168}
{"backend":"omeinsum","dimension":32,"estimate":{"concurrent_slices":1,"estimated_total_bytes":70160,"input_bytes":49152,"largest_intermediate_bytes":512,"omeco_peak_bytes":1040,"output_bytes":16384,"slices":1024,"worker_buffer_bytes":4624,"workspace_reserved_bytes":0},"kind":"chain","labels":[0,2],"mode":"auto","tree":{"args":[{"args":[{"isleaf":true,"tensorindex":0},{"isleaf":true,"tensorindex":1}],"eins":{"ixs":[[0,1],[1,2]],"iy":[0,2]},"isleaf":false},{"isleaf":true,"tensorindex":2}],"eins":{"ixs":[[0,2],[2,3]],"iy":[0,3]},"isleaf":false}}
{"allocated_bytes":9525640,"diagnostic_ns":5867666,"peak_additional_rust_heap_bytes":23424,"phase":"slice_execution","retained_additional_rust_heap_bytes":16496}
{"checksum":16086.725798524645,"status":"complete"}
        0.00 real         0.00 user         0.00 sys
             3424256  maximum resident set size
                   0  average shared memory size
                   0  average unshared data size
                   0  average unshared stack size
                 395  page reclaims
                   0  page faults
                   0  swaps
                   0  block input operations
                   0  block output operations
                   0  messages sent
                   0  messages received
                   0  signals received
                   0  voluntary context switches
                  14  involuntary context switches
           158203307  instructions retired
            30936393  cycles elapsed
             1851776  peak memory footprint
