{"allocated_bytes":197296,"diagnostic_ns":107167,"peak_additional_rust_heap_bytes":197296,"phase":"matrix_inputs","retained_additional_rust_heap_bytes":197192}
{"allocated_bytes":2772,"diagnostic_ns":7958,"peak_additional_rust_heap_bytes":1604,"phase":"slice_planning","retained_additional_rust_heap_bytes":1064}
{"backend":"tenferro","dimension":64,"estimate":{"concurrent_slices":1,"estimated_total_bytes":269287424,"input_bytes":196608,"largest_intermediate_bytes":268435456,"omeco_peak_bytes":268566528,"output_bytes":65536,"slices":1,"worker_buffer_bytes":269025280,"workspace_reserved_bytes":0},"kind":"outer","labels":[],"mode":"unsliced","tree":{"args":[{"args":[{"isleaf":true,"tensorindex":0},{"isleaf":true,"tensorindex":1}],"eins":{"ixs":[[0,1],[2,3]],"iy":[0,1,2,3]},"isleaf":false},{"isleaf":true,"tensorindex":2}],"eins":{"ixs":[[0,1,2,3],[1,2]],"iy":[0,3]},"isleaf":false}}
{"allocated_bytes":32023,"diagnostic_ns":44209,"peak_additional_rust_heap_bytes":13520,"phase":"slice_compilation","retained_additional_rust_heap_bytes":3492}
{"allocated_bytes":537282205,"diagnostic_ns":50344708,"peak_additional_rust_heap_bytes":537052980,"phase":"slice_execution","retained_additional_rust_heap_bytes":88056}
{"checksum":11137.956114973036,"status":"complete"}
        0.05 real         0.03 user         0.02 sys
           544063488  maximum resident set size
                   0  average shared memory size
                   0  average unshared data size
                   0  average unshared stack size
               33391  page reclaims
                   0  page faults
                   0  swaps
                   0  block input operations
                   0  block output operations
                   0  messages sent
                   0  messages received
                   0  signals received
                   0  voluntary context switches
                   4  involuntary context switches
           715353795  instructions retired
           218762750  cycles elapsed
           539312920  peak memory footprint
