{"allocated_bytes":18084,"diagnostic_ns":23666,"peak_additional_rust_heap_bytes":8080,"phase":"export","retained_additional_rust_heap_bytes":7752}
{"allocated_bytes":91520,"diagnostic_ns":49542,"peak_additional_rust_heap_bytes":68672,"phase":"conversion","retained_additional_rust_heap_bytes":47104}
{"allocated_bytes":406968,"diagnostic_ns":457917,"peak_additional_rust_heap_bytes":125423,"phase":"planning","retained_additional_rust_heap_bytes":120620}
{"allocated_bytes":2074107,"diagnostic_ns":692041,"peak_additional_rust_heap_bytes":1913408,"phase":"first_execution","retained_additional_rust_heap_bytes":1818816}
{"allocated_bytes":1306715,"diagnostic_ns":549416,"peak_additional_rust_heap_bytes":1143984,"phase":"warm_execution","retained_additional_rust_heap_bytes":1049344}
{"allocated_bytes":2103560,"diagnostic_ns":153667,"peak_additional_rust_heap_bytes":2101996,"phase":"ad_input","retained_additional_rust_heap_bytes":2101996}
{"allocated_bytes":214320312,"diagnostic_ns":4789916,"peak_additional_rust_heap_bytes":3323304,"phase":"ad_forward_tape","retained_additional_rust_heap_bytes":173584}
{"allocated_bytes":12160415,"diagnostic_ns":2252916,"peak_additional_rust_heap_bytes":7472958,"phase":"ad_backward","retained_additional_rust_heap_bytes":5863606}
{"depth":100,"note":"Rust allocator instrumentation excludes provider allocations; timings include instrumentation. Not RSS.","operation":"conj","qubits":16,"state_bytes":1048576}
        0.01 real         0.00 user         0.00 sys
            23003136  maximum resident set size
                   0  average shared memory size
                   0  average unshared data size
                   0  average unshared stack size
                1588  page reclaims
                   0  page faults
                   0  swaps
                   0  block input operations
                   0  block output operations
                   0  messages sent
                   0  messages received
                   0  signals received
                   0  voluntary context switches
                  14  involuntary context switches
           145553041  instructions retired
            37581889  cycles elapsed
            16548248  peak memory footprint
