{"allocated_bytes":49840,"diagnostic_ns":34250,"peak_additional_rust_heap_bytes":49840,"phase":"matrix_inputs","retained_additional_rust_heap_bytes":49736}
{"allocated_bytes":2772,"diagnostic_ns":9917,"peak_additional_rust_heap_bytes":1604,"phase":"slice_planning","retained_additional_rust_heap_bytes":1064}
{"backend":"omeinsum","dimension":32,"estimate":{"concurrent_slices":1,"estimated_total_bytes":16990208,"input_bytes":49152,"largest_intermediate_bytes":16777216,"omeco_peak_bytes":16809984,"output_bytes":16384,"slices":1,"worker_buffer_bytes":16924672,"workspace_reserved_bytes":0},"kind":"outer","labels":[],"mode":"unsliced","tree":{"args":[{"args":[{"isleaf":true,"tensorindex":0},{"isleaf":true,"tensorindex":1}],"eins":{"ixs":[[0,1],[2,3]],"iy":[0,1,2,3]},"isleaf":false},{"isleaf":true,"tensorindex":2}],"eins":{"ixs":[[0,1,2,3],[1,2]],"iy":[0,3]},"isleaf":false}}
{"allocated_bytes":33692568,"diagnostic_ns":3026791,"peak_additional_rust_heap_bytes":33623000,"phase":"slice_execution","retained_additional_rust_heap_bytes":16793860}
{"checksum":17790.3979585884,"status":"complete"}
        0.00 real         0.00 user         0.00 sys
            36569088  maximum resident set size
                   0  average shared memory size
                   0  average unshared data size
                   0  average unshared stack size
                2416  page reclaims
                   0  page faults
                   0  swaps
                   0  block input operations
                   0  block output operations
                   0  messages sent
                   0  messages received
                   0  signals received
                   0  voluntary context switches
                   5  involuntary context switches
            60092786  instructions retired
            19320563  cycles elapsed
            35111296  peak memory footprint
