{"allocated_bytes":49840,"diagnostic_ns":34375,"peak_additional_rust_heap_bytes":49840,"phase":"matrix_inputs","retained_additional_rust_heap_bytes":49736}
{"allocated_bytes":10172,"diagnostic_ns":32833,"peak_additional_rust_heap_bytes":4484,"phase":"slice_planning","retained_additional_rust_heap_bytes":1392}
{"backend":"omeinsum","dimension":32,"estimate":{"concurrent_slices":1,"estimated_total_bytes":229376,"input_bytes":49152,"largest_intermediate_bytes":16384,"omeco_peak_bytes":65536,"output_bytes":16384,"slices":1,"worker_buffer_bytes":163840,"workspace_reserved_bytes":0},"kind":"outer","labels":[],"mode":"greedy","tree":{"args":[{"isleaf":true,"tensorindex":1},{"args":[{"isleaf":true,"tensorindex":0},{"isleaf":true,"tensorindex":2}],"eins":{"ixs":[[0,1],[1,2]],"iy":[0,2]},"isleaf":false}],"eins":{"ixs":[[2,3],[0,2]],"iy":[0,3]},"isleaf":false}}
{"allocated_bytes":4419643,"diagnostic_ns":95291,"peak_additional_rust_heap_bytes":4314774,"phase":"slice_execution","retained_additional_rust_heap_bytes":4210688}
{"checksum":17790.397958588404,"status":"complete"}
        0.00 real         0.00 user         0.00 sys
             3342336  maximum resident set size
                   0  average shared memory size
                   0  average unshared data size
                   0  average unshared stack size
                 388  page reclaims
                   0  page faults
                   0  swaps
                   0  block input operations
                   0  block output operations
                   0  messages sent
                   0  messages received
                   0  signals received
                   0  voluntary context switches
                   5  involuntary context switches
            20675129  instructions retired
             6210696  cycles elapsed
             1655168  peak memory footprint
