{"allocated_bytes":15100,"diagnostic_ns":32750,"peak_additional_rust_heap_bytes":7848,"phase":"export","retained_additional_rust_heap_bytes":6664}
{"allocated_bytes":90816,"diagnostic_ns":50416,"peak_additional_rust_heap_bytes":68672,"phase":"conversion","retained_additional_rust_heap_bytes":46592}
{"allocated_bytes":258540,"diagnostic_ns":383084,"peak_additional_rust_heap_bytes":102519,"phase":"planning","retained_additional_rust_heap_bytes":92264}
{"allocated_bytes":272642,"diagnostic_ns":303083,"peak_additional_rust_heap_bytes":169072,"phase":"first_execution","retained_additional_rust_heap_bytes":95008}
{"allocated_bytes":244482,"diagnostic_ns":176000,"peak_additional_rust_heap_bytes":140384,"phase":"warm_execution","retained_additional_rust_heap_bytes":66272}
{"allocated_bytes":137480,"diagnostic_ns":36125,"peak_additional_rust_heap_bytes":135916,"phase":"ad_input","retained_additional_rust_heap_bytes":135916}
{"allocated_bytes":14271672,"diagnostic_ns":973083,"peak_additional_rust_heap_bytes":374184,"phase":"ad_forward_tape","retained_additional_rust_heap_bytes":173584}
{"allocated_bytes":6262175,"diagnostic_ns":2199375,"peak_additional_rust_heap_bytes":1574718,"phase":"ad_backward","retained_additional_rust_heap_bytes":948406}
{"depth":100,"note":"Rust allocator instrumentation excludes provider allocations; timings include instrumentation. Not RSS.","operation":"conj","qubits":12,"state_bytes":65536}
        0.00 real         0.00 user         0.00 sys
            11878400  maximum resident set size
                   0  average shared memory size
                   0  average unshared data size
                   0  average unshared stack size
                 909  page reclaims
                   0  page faults
                   0  swaps
                   0  block input operations
                   0  block output operations
                   0  messages sent
                   0  messages received
                   0  signals received
                   0  voluntary context switches
                  14  involuntary context switches
            68649273  instructions retired
            18136180  cycles elapsed
             5423512  peak memory footprint
