{"allocated_bytes":49736,"diagnostic_ns":33958,"peak_additional_rust_heap_bytes":49736,"phase":"matrix_inputs","retained_additional_rust_heap_bytes":49736}
{"allocated_bytes":4596,"diagnostic_ns":12417,"peak_additional_rust_heap_bytes":2664,"phase":"slice_planning","retained_additional_rust_heap_bytes":1064}
{"backend":"omeinsum","dimension":32,"estimate":{"concurrent_slices":1,"estimated_total_bytes":150016,"input_bytes":49152,"largest_intermediate_bytes":16384,"omeco_peak_bytes":17408,"output_bytes":16384,"slices":32,"worker_buffer_bytes":84480,"workspace_reserved_bytes":0},"kind":"chain","labels":[0],"mode":"fixed_output","tree":{"args":[{"args":[{"isleaf":true,"tensorindex":0},{"isleaf":true,"tensorindex":1}],"eins":{"ixs":[[0,1],[1,2]],"iy":[0,2]},"isleaf":false},{"isleaf":true,"tensorindex":2}],"eins":{"ixs":[[0,2],[2,3]],"iy":[0,3]},"isleaf":false}}
{"allocated_bytes":2395024,"diagnostic_ns":904375,"peak_additional_rust_heap_bytes":100872,"phase":"slice_execution","retained_additional_rust_heap_bytes":16384}
{"checksum":16086.725798524647,"status":"complete"}
        0.00 real         0.00 user         0.00 sys
             3096576  maximum resident set size
                   0  average shared memory size
                   0  average unshared data size
                   0  average unshared stack size
                 373  page reclaims
                   0  page faults
                   0  swaps
                   0  block input operations
                   0  block output operations
                   0  messages sent
                   0  messages received
                   0  signals received
                   0  voluntary context switches
                   6  involuntary context switches
            32979779  instructions retired
             9460999  cycles elapsed
             1704296  peak memory footprint
