{"allocated_bytes":8732,"diagnostic_ns":16334,"peak_additional_rust_heap_bytes":4128,"phase":"export","retained_additional_rust_heap_bytes":3880}
{"allocated_bytes":45056,"diagnostic_ns":52167,"peak_additional_rust_heap_bytes":34368,"phase":"conversion","retained_additional_rust_heap_bytes":23552}
{"allocated_bytes":163736,"diagnostic_ns":344459,"peak_additional_rust_heap_bytes":70303,"phase":"planning","retained_additional_rust_heap_bytes":67116}
{"allocated_bytes":118791,"diagnostic_ns":263042,"peak_additional_rust_heap_bytes":69432,"phase":"first_execution","retained_additional_rust_heap_bytes":9664}
{"allocated_bytes":113799,"diagnostic_ns":113250,"peak_additional_rust_heap_bytes":69144,"phase":"warm_execution","retained_additional_rust_heap_bytes":4096}
{"allocated_bytes":14600,"diagnostic_ns":41833,"peak_additional_rust_heap_bytes":13036,"phase":"ad_input","retained_additional_rust_heap_bytes":13036}
{"allocated_bytes":1768632,"diagnostic_ns":666291,"peak_additional_rust_heap_bytes":189864,"phase":"ad_forward_tape","retained_additional_rust_heap_bytes":173584}
{"allocated_bytes":5892983,"diagnostic_ns":2482375,"peak_additional_rust_heap_bytes":1206078,"phase":"ad_backward","retained_additional_rust_heap_bytes":641206}
{"depth":100,"note":"Rust allocator instrumentation excludes provider allocations; timings include instrumentation. Not RSS.","qubits":8,"state_bytes":4096}
        0.00 real         0.00 user         0.00 sys
            10551296  maximum resident set size
                   0  average shared memory size
                   0  average unshared data size
                   0  average unshared stack size
                 826  page reclaims
                   0  page faults
                   0  swaps
                   0  block input operations
                   0  block output operations
                   0  messages sent
                   0  messages received
                   0  signals received
                   0  voluntary context switches
                  14  involuntary context switches
            60411776  instructions retired
            16247591  cycles elapsed
             4735384  peak memory footprint
