{"allocated_bytes":8732,"diagnostic_ns":36333,"peak_additional_rust_heap_bytes":4128,"phase":"export","retained_additional_rust_heap_bytes":3880}
{"allocated_bytes":45056,"diagnostic_ns":334542,"peak_additional_rust_heap_bytes":34368,"phase":"conversion","retained_additional_rust_heap_bytes":23552}
{"allocated_bytes":155996,"diagnostic_ns":978417,"peak_additional_rust_heap_bytes":70319,"phase":"planning","retained_additional_rust_heap_bytes":66628}
{"allocated_bytes":114073,"diagnostic_ns":1927459,"peak_additional_rust_heap_bytes":69432,"phase":"first_execution","retained_additional_rust_heap_bytes":6720}
{"allocated_bytes":111737,"diagnostic_ns":256666,"peak_additional_rust_heap_bytes":69144,"phase":"warm_execution","retained_additional_rust_heap_bytes":4096}
{"allocated_bytes":14600,"diagnostic_ns":593000,"peak_additional_rust_heap_bytes":13036,"phase":"ad_input","retained_additional_rust_heap_bytes":13036}
{"allocated_bytes":216240,"diagnostic_ns":1188625,"peak_additional_rust_heap_bytes":39192,"phase":"ad_forward_tape","retained_additional_rust_heap_bytes":22912}
{"allocated_bytes":934654,"diagnostic_ns":2405584,"peak_additional_rust_heap_bytes":252358,"phase":"ad_backward","retained_additional_rust_heap_bytes":121758}
{"depth":10,"note":"Rust allocator instrumentation excludes provider allocations; timings include instrumentation. Not RSS.","qubits":8,"state_bytes":4096}
        1.31 real         0.00 user         0.01 sys
             8683520  maximum resident set size
                   0  average shared memory size
                   0  average unshared data size
                   0  average unshared stack size
                 711  page reclaims
                   0  page faults
                   0  swaps
                   0  block input operations
                   0  block output operations
                   0  messages sent
                   0  messages received
                   0  signals received
                   0  voluntary context switches
                 151  involuntary context switches
            48958256  instructions retired
            37904625  cycles elapsed
             2867608  peak memory footprint
