{"allocated_bytes":18084,"diagnostic_ns":18500,"peak_additional_rust_heap_bytes":8080,"phase":"export","retained_additional_rust_heap_bytes":7752}
{"allocated_bytes":91520,"diagnostic_ns":46708,"peak_additional_rust_heap_bytes":68672,"phase":"conversion","retained_additional_rust_heap_bytes":47104}
{"allocated_bytes":429268,"diagnostic_ns":460833,"peak_additional_rust_heap_bytes":126131,"phase":"planning","retained_additional_rust_heap_bytes":121328}
{"allocated_bytes":2346084,"diagnostic_ns":723500,"peak_additional_rust_heap_bytes":2178112,"phase":"first_execution","retained_additional_rust_heap_bytes":2083520}
{"allocated_bytes":1313988,"diagnostic_ns":576208,"peak_additional_rust_heap_bytes":1143984,"phase":"warm_execution","retained_additional_rust_heap_bytes":1049344}
{"allocated_bytes":2103560,"diagnostic_ns":157000,"peak_additional_rust_heap_bytes":2101996,"phase":"ad_input","retained_additional_rust_heap_bytes":2101996}
{"allocated_bytes":214320312,"diagnostic_ns":4709583,"peak_additional_rust_heap_bytes":3323304,"phase":"ad_forward_tape","retained_additional_rust_heap_bytes":173584}
{"allocated_bytes":12160415,"diagnostic_ns":2137083,"peak_additional_rust_heap_bytes":7472958,"phase":"ad_backward","retained_additional_rust_heap_bytes":5863606}
{"depth":100,"note":"Rust allocator instrumentation excludes provider allocations; timings include instrumentation. Not RSS.","qubits":16,"state_bytes":1048576}
        0.01 real         0.00 user         0.00 sys
            22347776  maximum resident set size
                   0  average shared memory size
                   0  average unshared data size
                   0  average unshared stack size
                1546  page reclaims
                   0  page faults
                   0  swaps
                   0  block input operations
                   0  block output operations
                   0  messages sent
                   0  messages received
                   0  signals received
                   0  voluntary context switches
                  64  involuntary context switches
           149782414  instructions retired
            39081120  cycles elapsed
            16499096  peak memory footprint
