{"allocated_bytes":18084,"diagnostic_ns":18208,"peak_additional_rust_heap_bytes":8080,"phase":"export","retained_additional_rust_heap_bytes":7752}
{"allocated_bytes":91520,"diagnostic_ns":40000,"peak_additional_rust_heap_bytes":68672,"phase":"conversion","retained_additional_rust_heap_bytes":47104}
{"allocated_bytes":364716,"diagnostic_ns":348792,"peak_additional_rust_heap_bytes":123439,"phase":"planning","retained_additional_rust_heap_bytes":119156}
{"allocated_bytes":1503761,"diagnostic_ns":419375,"peak_additional_rust_heap_bytes":1359408,"phase":"first_execution","retained_additional_rust_heap_bytes":1264000}
{"allocated_bytes":1289681,"diagnostic_ns":300958,"peak_additional_rust_heap_bytes":1144800,"phase":"warm_execution","retained_additional_rust_heap_bytes":1049344}
{"allocated_bytes":2103560,"diagnostic_ns":145958,"peak_additional_rust_heap_bytes":2101996,"phase":"ad_input","retained_additional_rust_heap_bytes":2101996}
{"allocated_bytes":637147820,"diagnostic_ns":52501625,"peak_additional_rust_heap_bytes":110689172,"phase":"ad_forward_tape","retained_additional_rust_heap_bytes":105431356}
{"allocated_bytes":430703840,"diagnostic_ns":157417000,"peak_additional_rust_heap_bytes":300064218,"phase":"ad_backward","retained_additional_rust_heap_bytes":140283682}
{"depth":100,"note":"Rust allocator instrumentation excludes provider allocations; timings include instrumentation. Not RSS.","operation":"scaled_sin","qubits":16,"state_bytes":1048576}
        0.22 real         0.20 user         0.02 sys
           440844288  maximum resident set size
                   0  average shared memory size
                   0  average unshared data size
                   0  average unshared stack size
               27089  page reclaims
                   0  page faults
                   0  swaps
                   0  block input operations
                   0  block output operations
                   0  messages sent
                   0  messages received
                   0  signals received
                   0  voluntary context switches
                  15  involuntary context switches
          4664912599  instructions retired
           925345301  cycles elapsed
           434979536  peak memory footprint
