{"allocated_bytes":2368,"diagnostic_ns":12417,"peak_additional_rust_heap_bytes":1440,"phase":"model","retained_additional_rust_heap_bytes":1296}
{"allocated_bytes":150776,"diagnostic_ns":93583,"peak_additional_rust_heap_bytes":72360,"phase":"circuit_construction","retained_additional_rust_heap_bytes":27364}
{"allocated_bytes":65536,"diagnostic_ns":6542,"peak_additional_rust_heap_bytes":65536,"phase":"state_input","retained_additional_rust_heap_bytes":65536}
{"allocated_bytes":71904,"diagnostic_ns":550000,"peak_additional_rust_heap_bytes":65600,"phase":"native_execution","retained_additional_rust_heap_bytes":65536}
{"gate_parameters":46,"gates":138,"model":"ising","norm_squared":1.0000000000000444,"note":"Isolated model construction and native execution; Rust heap excludes provider allocations. Timings include instrumentation. RSS includes startup and allocator retention.","order":2,"physical_parameters":3,"qubits":12,"state_bytes":65536,"steps":1}
        0.00 real         0.00 user         0.00 sys
             2457600  maximum resident set size
                   0  average shared memory size
                   0  average unshared data size
                   0  average unshared stack size
                 331  page reclaims
                   0  page faults
                   0  swaps
                   0  block input operations
                   0  block output operations
                   0  messages sent
                   0  messages received
                   0  signals received
                   0  voluntary context switches
                   5  involuntary context switches
            27794629  instructions retired
             7068060  cycles elapsed
             1540504  peak memory footprint
