{"allocated_bytes":7216,"diagnostic_ns":11667,"peak_additional_rust_heap_bytes":4480,"phase":"model","retained_additional_rust_heap_bytes":3424}
{"allocated_bytes":589552,"diagnostic_ns":180292,"peak_additional_rust_heap_bytes":282416,"phase":"circuit_construction","retained_additional_rust_heap_bytes":103576}
{"allocated_bytes":65536,"diagnostic_ns":791,"peak_additional_rust_heap_bytes":65536,"phase":"state_input","retained_additional_rust_heap_bytes":65536}
{"allocated_bytes":91264,"diagnostic_ns":1377375,"peak_additional_rust_heap_bytes":65600,"phase":"native_execution","retained_additional_rust_heap_bytes":65536}
{"gate_parameters":144,"gates":528,"model":"heisenberg","norm_squared":1.0000000000000249,"note":"Isolated model construction and native execution; Rust heap excludes provider allocations. Timings include instrumentation. RSS includes startup and allocator retention.","order":2,"physical_parameters":5,"qubits":12,"state_bytes":65536,"steps":1}
        0.00 real         0.00 user         0.00 sys
             2588672  maximum resident set size
                   0  average shared memory size
                   0  average unshared data size
                   0  average unshared stack size
                 339  page reclaims
                   0  page faults
                   0  swaps
                   0  block input operations
                   0  block output operations
                   0  messages sent
                   0  messages received
                   0  signals received
                   0  voluntary context switches
                   5  involuntary context switches
            56523178  instructions retired
            10630302  cycles elapsed
             1655168  peak memory footprint
