{"allocated_bytes":8732,"diagnostic_ns":27375,"peak_additional_rust_heap_bytes":4128,"phase":"export","retained_additional_rust_heap_bytes":3880}
{"allocated_bytes":45056,"diagnostic_ns":56792,"peak_additional_rust_heap_bytes":34368,"phase":"conversion","retained_additional_rust_heap_bytes":23552}
{"allocated_bytes":155996,"diagnostic_ns":350500,"peak_additional_rust_heap_bytes":70319,"phase":"planning","retained_additional_rust_heap_bytes":66628}
{"allocated_bytes":114121,"diagnostic_ns":314833,"peak_additional_rust_heap_bytes":69432,"phase":"first_execution","retained_additional_rust_heap_bytes":6720}
{"allocated_bytes":111785,"diagnostic_ns":125625,"peak_additional_rust_heap_bytes":69144,"phase":"warm_execution","retained_additional_rust_heap_bytes":4096}
{"allocated_bytes":14600,"diagnostic_ns":50500,"peak_additional_rust_heap_bytes":13036,"phase":"ad_input","retained_additional_rust_heap_bytes":13036}
{"allocated_bytes":1768632,"diagnostic_ns":689334,"peak_additional_rust_heap_bytes":189864,"phase":"ad_forward_tape","retained_additional_rust_heap_bytes":173584}
{"allocated_bytes":5892983,"diagnostic_ns":2770250,"peak_additional_rust_heap_bytes":1206078,"phase":"ad_backward","retained_additional_rust_heap_bytes":641206}
{"depth":100,"note":"Rust allocator instrumentation excludes provider allocations; timings include instrumentation. Not RSS.","operation":"conj","qubits":8,"state_bytes":4096}
        0.00 real         0.00 user         0.00 sys
            10551296  maximum resident set size
                   0  average shared memory size
                   0  average unshared data size
                   0  average unshared stack size
                 826  page reclaims
                   0  page faults
                   0  swaps
                   0  block input operations
                   0  block output operations
                   0  messages sent
                   0  messages received
                   0  signals received
                   0  voluntary context switches
                  17  involuntary context switches
            60292921  instructions retired
            15848419  cycles elapsed
             4718976  peak memory footprint
