{"allocated_bytes":496,"diagnostic_ns":14291,"peak_additional_rust_heap_bytes":320,"phase":"model","retained_additional_rust_heap_bytes":288}
{"allocated_bytes":398624,"diagnostic_ns":343750,"peak_additional_rust_heap_bytes":188256,"phase":"circuit_construction","retained_additional_rust_heap_bytes":95920}
{"allocated_bytes":128,"diagnostic_ns":250,"peak_additional_rust_heap_bytes":128,"phase":"state_input","retained_additional_rust_heap_bytes":128}
{"allocated_bytes":23680,"diagnostic_ns":48209,"peak_additional_rust_heap_bytes":192,"phase":"native_execution","retained_additional_rust_heap_bytes":128}
{"gate_parameters":160,"gates":480,"model":"ising","norm_squared":1.0000000000000249,"note":"Isolated model construction and native execution; Rust heap excludes provider allocations. Timings include instrumentation. RSS includes startup and allocator retention.","order":2,"physical_parameters":3,"qubits":3,"state_bytes":128,"steps":16}
        0.00 real         0.00 user         0.00 sys
             2539520  maximum resident set size
                   0  average shared memory size
                   0  average unshared data size
                   0  average unshared stack size
                 336  page reclaims
                   0  page faults
                   0  swaps
                   0  block input operations
                   0  block output operations
                   0  messages sent
                   0  messages received
                   0  signals received
                   0  voluntary context switches
                   8  involuntary context switches
            22370470  instructions retired
            10858570  cycles elapsed
             1622424  peak memory footprint
