{"allocated_bytes":1696,"diagnostic_ns":16334,"peak_additional_rust_heap_bytes":1120,"phase":"model","retained_additional_rust_heap_bytes":880}
{"allocated_bytes":146824,"diagnostic_ns":54459,"peak_additional_rust_heap_bytes":70664,"phase":"circuit_construction","retained_additional_rust_heap_bytes":25924}
{"allocated_bytes":128,"diagnostic_ns":83,"peak_additional_rust_heap_bytes":128,"phase":"state_input","retained_additional_rust_heap_bytes":128}
{"allocated_bytes":6560,"diagnostic_ns":7750,"peak_additional_rust_heap_bytes":192,"phase":"native_execution","retained_additional_rust_heap_bytes":128}
{"gate_parameters":36,"gates":132,"model":"heisenberg","norm_squared":1.000000000000006,"note":"Isolated model construction and native execution; Rust heap excludes provider allocations. Timings include instrumentation. RSS includes startup and allocator retention.","order":2,"physical_parameters":5,"qubits":3,"state_bytes":128,"steps":1}
        0.00 real         0.00 user         0.00 sys
             2342912  maximum resident set size
                   0  average shared memory size
                   0  average unshared data size
                   0  average unshared stack size
                 324  page reclaims
                   0  page faults
                   0  swaps
                   0  block input operations
                   0  block output operations
                   0  messages sent
                   0  messages received
                   0  signals received
                   0  voluntary context switches
                   5  involuntary context switches
            19051622  instructions retired
             5772238  cycles elapsed
             1393000  peak memory footprint
