{"allocated_bytes":18084,"diagnostic_ns":25291,"peak_additional_rust_heap_bytes":8080,"phase":"export","retained_additional_rust_heap_bytes":7752}
{"allocated_bytes":91520,"diagnostic_ns":43583,"peak_additional_rust_heap_bytes":68672,"phase":"conversion","retained_additional_rust_heap_bytes":47104}
{"allocated_bytes":377856,"diagnostic_ns":399416,"peak_additional_rust_heap_bytes":124335,"phase":"planning","retained_additional_rust_heap_bytes":119532}
{"allocated_bytes":2040015,"diagnostic_ns":637000,"peak_additional_rust_heap_bytes":1889120,"phase":"first_execution","retained_additional_rust_heap_bytes":1793696}
{"allocated_bytes":1296431,"diagnostic_ns":493291,"peak_additional_rust_heap_bytes":1144816,"phase":"warm_execution","retained_additional_rust_heap_bytes":1049344}
{"allocated_bytes":2103560,"diagnostic_ns":163500,"peak_additional_rust_heap_bytes":2101996,"phase":"ad_input","retained_additional_rust_heap_bytes":2101996}
{"allocated_bytes":214320312,"diagnostic_ns":4802709,"peak_additional_rust_heap_bytes":3323304,"phase":"ad_forward_tape","retained_additional_rust_heap_bytes":173584}
{"allocated_bytes":12160415,"diagnostic_ns":2234916,"peak_additional_rust_heap_bytes":7472958,"phase":"ad_backward","retained_additional_rust_heap_bytes":5863606}
{"depth":100,"note":"Rust allocator instrumentation excludes provider allocations; timings include instrumentation. Not RSS.","operation":"conj","qubits":16,"state_bytes":1048576}
        0.01 real         0.00 user         0.00 sys
            22216704  maximum resident set size
                   0  average shared memory size
                   0  average unshared data size
                   0  average unshared stack size
                1537  page reclaims
                   0  page faults
                   0  swaps
                   0  block input operations
                   0  block output operations
                   0  messages sent
                   0  messages received
                   0  signals received
                   0  voluntary context switches
                  17  involuntary context switches
           142656227  instructions retired
            36629691  cycles elapsed
            16368024  peak memory footprint
