{"device_process_bytes":434110464,"phase":"context"}
{"device_process_bytes":662700032,"phase":"prepared"}
{"device_process_bytes":964689920,"phase":"first_result"}
{"device_process_bytes":964689920,"phase":"after_repeats"}
{"context_ns":273416296,"device":"NVIDIA A800 80GB PCIe","first_resident_ns":135386660782,"id":"cuda_gradient_16_depth40","input_bytes":2098112,"max_error":2.886579864025407e-15,"precision":"complex128","preparation_upload_ns":380063296,"resident_samples_ns":[15421097467],"status":"complete","transfer_max_error":2.886579864025407e-15}
	Command being timed: "/home/jinguoliu/yao-rs-feature-work/target/release/cuda_probe cuda_gradient_16_depth40"
	User time (seconds): 247.03
	System time (seconds): 12.20
	Percent of CPU this job got: 104%
	Elapsed (wall clock) time (h:mm:ss or m:ss): 4:07.86
	Average shared text size (kbytes): 0
	Average unshared data size (kbytes): 0
	Average stack size (kbytes): 0
	Average total size (kbytes): 0
	Maximum resident set size (kbytes): 3505664
	Average resident set size (kbytes): 0
	Major (requiring I/O) page faults: 0
	Minor (reclaiming a frame) page faults: 6432692
	Voluntary context switches: 1212307
	Involuntary context switches: 344
	Swaps: 0
	File system inputs: 0
	File system outputs: 32
	Socket messages sent: 0
	Socket messages received: 0
	Signals delivered: 0
	Page size (bytes): 4096
	Exit status: 0
