{"device_process_bytes":434110464,"phase":"context"}
{"device_process_bytes":595591168,"phase":"prepared"}
{"device_process_bytes":662700032,"phase":"first_result"}
{"device_process_bytes":662700032,"phase":"after_repeats"}
{"context_ns":263192504,"device":"NVIDIA A800 80GB PCIe","first_resident_ns":474262439,"id":"cuda_state_20_depth10","input_bytes":16777536,"max_error":1.9303670873972785e-18,"precision":"complex128","preparation_upload_ns":390316723,"resident_samples_ns":[46862391,43243212,42569852],"status":"complete","transfer_max_error":1.9303670873972785e-18}
	Command being timed: "/home/jinguoliu/yao-rs-feature-work/target/release/cuda_probe cuda_state_20_depth10"
	User time (seconds): 1.39
	System time (seconds): 0.71
	Percent of CPU this job got: 103%
	Elapsed (wall clock) time (h:mm:ss or m:ss): 0:02.03
	Average shared text size (kbytes): 0
	Average unshared data size (kbytes): 0
	Average stack size (kbytes): 0
	Average total size (kbytes): 0
	Maximum resident set size (kbytes): 898576
	Average resident set size (kbytes): 0
	Major (requiring I/O) page faults: 0
	Minor (reclaiming a frame) page faults: 169623
	Voluntary context switches: 16485
	Involuntary context switches: 2
	Swaps: 0
	File system inputs: 0
	File system outputs: 8
	Socket messages sent: 0
	Socket messages received: 0
	Signals delivered: 0
	Page size (bytes): 4096
	Exit status: 0
