{"device_process_bytes":434110464,"phase":"context"}
{"device_process_bytes":1233125376,"phase":"prepared"}
{"device_process_bytes":2239758336,"phase":"first_result"}
{"device_process_bytes":2239758336,"phase":"after_repeats"}
{"context_ns":258232571,"device":"NVIDIA A800 80GB PCIe","first_resident_ns":520384134,"id":"cuda_state_24_depth10","input_bytes":268435776,"max_error":5.421010862427522e-19,"precision":"complex128","preparation_upload_ns":1392691008,"resident_samples_ns":[76010221,76143447,76068127],"status":"complete","transfer_max_error":5.421010862427522e-19}
	Command being timed: "/home/jinguoliu/yao-rs-feature-work/target/release/cuda_probe cuda_state_24_depth10"
	User time (seconds): 5.11
	System time (seconds): 2.41
	Percent of CPU this job got: 101%
	Elapsed (wall clock) time (h:mm:ss or m:ss): 0:07.45
	Average shared text size (kbytes): 0
	Average unshared data size (kbytes): 0
	Average stack size (kbytes): 0
	Average total size (kbytes): 0
	Maximum resident set size (kbytes): 2604336
	Average resident set size (kbytes): 0
	Major (requiring I/O) page faults: 0
	Minor (reclaiming a frame) page faults: 1270693
	Voluntary context switches: 41443
	Involuntary context switches: 13
	Swaps: 0
	File system inputs: 0
	File system outputs: 8
	Socket messages sent: 0
	Socket messages received: 0
	Signals delivered: 0
	Page size (bytes): 4096
	Exit status: 0
