{"device_process_bytes":434110464,"phase":"context"}
{"device_process_bytes":562036736,"phase":"prepared"}
{"device_process_bytes":897581056,"phase":"first_result"}
{"device_process_bytes":897581056,"phase":"after_repeats"}
{"context_ns":264757429,"device":"NVIDIA A800 80GB PCIe","first_resident_ns":4618640234,"id":"cuda_gradient_8_depth10","input_bytes":8432,"max_error":4.440892098500626e-16,"precision":"complex128","preparation_upload_ns":316989030,"resident_samples_ns":[808126265,601871304,546965773],"status":"complete","transfer_max_error":4.440892098500626e-16}
	Command being timed: "/home/jinguoliu/yao-rs-feature-work/target/release/cuda_probe cuda_gradient_8_depth10"
	User time (seconds): 9.75
	System time (seconds): 1.03
	Percent of CPU this job got: 112%
	Elapsed (wall clock) time (h:mm:ss or m:ss): 0:09.61
	Average shared text size (kbytes): 0
	Average unshared data size (kbytes): 0
	Average stack size (kbytes): 0
	Average total size (kbytes): 0
	Maximum resident set size (kbytes): 996472
	Average resident set size (kbytes): 0
	Major (requiring I/O) page faults: 0
	Minor (reclaiming a frame) page faults: 285681
	Voluntary context switches: 60396
	Involuntary context switches: 22
	Swaps: 0
	File system inputs: 0
	File system outputs: 8
	Socket messages sent: 0
	Socket messages received: 0
	Signals delivered: 0
	Page size (bytes): 4096
	Exit status: 0
