{"device_process_bytes":434110464,"phase":"context"}
{"device_process_bytes":562036736,"phase":"prepared"}
{"device_process_bytes":897581056,"phase":"first_result"}
{"device_process_bytes":897581056,"phase":"after_repeats"}
{"context_ns":261258183,"device":"NVIDIA A800 80GB PCIe","first_resident_ns":12745700,"id":"cuda_density_6","input_bytes":6784,"max_error":3.3306690738754696e-16,"precision":"complex128","preparation_upload_ns":312550787,"resident_samples_ns":[10558751,10442947,9991430],"status":"complete","transfer_max_error":3.3306690738754696e-16}
	Command being timed: "/home/jinguoliu/yao-rs-feature-work/target/release/cuda_probe cuda_density_6"
	User time (seconds): 0.29
	System time (seconds): 0.71
	Percent of CPU this job got: 85%
	Elapsed (wall clock) time (h:mm:ss or m:ss): 0:01.18
	Average shared text size (kbytes): 0
	Average unshared data size (kbytes): 0
	Average stack size (kbytes): 0
	Average total size (kbytes): 0
	Maximum resident set size (kbytes): 748320
	Average resident set size (kbytes): 0
	Major (requiring I/O) page faults: 0
	Minor (reclaiming a frame) page faults: 128168
	Voluntary context switches: 5352
	Involuntary context switches: 3
	Swaps: 0
	File system inputs: 0
	File system outputs: 8
	Socket messages sent: 0
	Socket messages received: 0
	Signals delivered: 0
	Page size (bytes): 4096
	Exit status: 0
