{"device_process_bytes":434110464,"phase":"context"}
{"device_process_bytes":562036736,"phase":"prepared"}
{"device_process_bytes":562036736,"phase":"first_result"}
{"device_process_bytes":562036736,"phase":"after_repeats"}
{"context_ns":264963473,"device":"NVIDIA A800 80GB PCIe","first_resident_ns":7605203,"id":"cuda_density_4","input_bytes":4352,"max_error":2.220446049250313e-16,"precision":"complex128","preparation_upload_ns":312950923,"resident_samples_ns":[5683228,5390534,5367797],"status":"complete","transfer_max_error":2.220446049250313e-16}
	Command being timed: "/home/jinguoliu/yao-rs-feature-work/target/release/cuda_probe cuda_density_4"
	User time (seconds): 0.26
	System time (seconds): 0.69
	Percent of CPU this job got: 84%
	Elapsed (wall clock) time (h:mm:ss or m:ss): 0:01.13
	Average shared text size (kbytes): 0
	Average unshared data size (kbytes): 0
	Average stack size (kbytes): 0
	Average total size (kbytes): 0
	Maximum resident set size (kbytes): 747360
	Average resident set size (kbytes): 0
	Major (requiring I/O) page faults: 0
	Minor (reclaiming a frame) page faults: 127960
	Voluntary context switches: 4618
	Involuntary context switches: 4
	Swaps: 0
	File system inputs: 0
	File system outputs: 8
	Socket messages sent: 0
	Socket messages received: 0
	Signals delivered: 0
	Page size (bytes): 4096
	Exit status: 0
