{"device_process_bytes":434110464,"phase":"context"}
{"device_process_bytes":629145600,"phase":"prepared"}
{"device_process_bytes":1132462080,"phase":"first_result"}
{"device_process_bytes":1166016512,"phase":"after_repeats"}
{"context_ns":261618061,"device":"NVIDIA A800 80GB PCIe","first_resident_ns":5020682902,"id":"cuda_gradient_20_depth10","input_bytes":33554672,"max_error":5.329070518200751e-15,"precision":"complex128","preparation_upload_ns":454435110,"resident_samples_ns":[529149860,555752351,537465153],"status":"complete","transfer_max_error":5.329070518200751e-15}
	Command being timed: "/home/jinguoliu/yao-rs-feature-work/target/release/cuda_probe cuda_gradient_20_depth10"
	User time (seconds): 10.55
	System time (seconds): 1.08
	Percent of CPU this job got: 110%
	Elapsed (wall clock) time (h:mm:ss or m:ss): 0:10.51
	Average shared text size (kbytes): 0
	Average unshared data size (kbytes): 0
	Average stack size (kbytes): 0
	Average total size (kbytes): 0
	Maximum resident set size (kbytes): 1129724
	Average resident set size (kbytes): 0
	Major (requiring I/O) page faults: 0
	Minor (reclaiming a frame) page faults: 362326
	Voluntary context switches: 63819
	Involuntary context switches: 16
	Swaps: 0
	File system inputs: 0
	File system outputs: 120
	Socket messages sent: 0
	Socket messages received: 0
	Signals delivered: 0
	Page size (bytes): 4096
	Exit status: 0
