{"device_process_bytes":434110464,"phase":"context"}
{"device_process_bytes":662700032,"phase":"prepared"}
{"device_process_bytes":964689920,"phase":"first_result"}
{"device_process_bytes":964689920,"phase":"after_repeats"}
{"context_ns":252826329,"device":"NVIDIA A800 80GB PCIe","first_resident_ns":4212554822,"id":"cuda_gradient_16_depth10","input_bytes":2097392,"max_error":8.43769498715119e-15,"precision":"complex128","preparation_upload_ns":294440912,"resident_samples_ns":[600424881,491927835,479506389],"status":"complete","transfer_max_error":8.43769498715119e-15}
	Command being timed: "/home/jinguoliu/yao-rs-feature-work/target/release/cuda_probe cuda_gradient_16_depth10"
	User time (seconds): 8.75
	System time (seconds): 1.00
	Percent of CPU this job got: 109%
	Elapsed (wall clock) time (h:mm:ss or m:ss): 0:08.88
	Average shared text size (kbytes): 0
	Average unshared data size (kbytes): 0
	Average stack size (kbytes): 0
	Average total size (kbytes): 0
	Maximum resident set size (kbytes): 1114856
	Average resident set size (kbytes): 0
	Major (requiring I/O) page faults: 0
	Minor (reclaiming a frame) page faults: 321725
	Voluntary context switches: 58712
	Involuntary context switches: 14
	Swaps: 0
	File system inputs: 0
	File system outputs: 120
	Socket messages sent: 0
	Socket messages received: 0
	Signals delivered: 0
	Page size (bytes): 4096
	Exit status: 0
