{"device_process_bytes":434110464,"phase":"context"}
{"device_process_bytes":562036736,"phase":"prepared"}
{"device_process_bytes":1031798784,"phase":"first_result"}
{"device_process_bytes":1031798784,"phase":"after_repeats"}
{"context_ns":259068623,"device":"NVIDIA A800 80GB PCIe","first_resident_ns":66938765,"id":"cuda_density_10","input_bytes":11648,"max_error":3.3306690738754696e-16,"precision":"complex128","preparation_upload_ns":315941081,"resident_samples_ns":[15787481,14471670,14313919],"status":"complete","transfer_max_error":3.3306690738754696e-16}
	Command being timed: "/home/jinguoliu/yao-rs-feature-work/target/release/cuda_probe cuda_density_10"
	User time (seconds): 1.54
	System time (seconds): 0.77
	Percent of CPU this job got: 93%
	Elapsed (wall clock) time (h:mm:ss or m:ss): 0:02.47
	Average shared text size (kbytes): 0
	Average unshared data size (kbytes): 0
	Average stack size (kbytes): 0
	Average total size (kbytes): 0
	Maximum resident set size (kbytes): 821856
	Average resident set size (kbytes): 0
	Major (requiring I/O) page faults: 0
	Minor (reclaiming a frame) page faults: 188207
	Voluntary context switches: 12711
	Involuntary context switches: 9
	Swaps: 0
	File system inputs: 0
	File system outputs: 16
	Socket messages sent: 0
	Socket messages received: 0
	Signals delivered: 0
	Page size (bytes): 4096
	Exit status: 0
