{"device_process_bytes":434110464,"phase":"context"}
{"device_process_bytes":562036736,"phase":"prepared"}
{"device_process_bytes":897581056,"phase":"first_result"}
{"device_process_bytes":897581056,"phase":"after_repeats"}
{"context_ns":260070026,"device":"NVIDIA A800 80GB PCIe","first_resident_ns":131526143324,"id":"cuda_gradient_8_depth40","input_bytes":9152,"max_error":1.7763568394002505e-15,"precision":"complex128","preparation_upload_ns":349216264,"resident_samples_ns":[15598375857],"status":"complete","transfer_max_error":1.7763568394002505e-15}
	Command being timed: "/home/jinguoliu/yao-rs-feature-work/target/release/cuda_probe cuda_gradient_8_depth40"
	User time (seconds): 243.24
	System time (seconds): 9.99
	Percent of CPU this job got: 104%
	Elapsed (wall clock) time (h:mm:ss or m:ss): 4:02.81
	Average shared text size (kbytes): 0
	Average unshared data size (kbytes): 0
	Average stack size (kbytes): 0
	Average total size (kbytes): 0
	Maximum resident set size (kbytes): 3426068
	Average resident set size (kbytes): 0
	Major (requiring I/O) page faults: 0
	Minor (reclaiming a frame) page faults: 5110084
	Voluntary context switches: 1160639
	Involuntary context switches: 277
	Swaps: 0
	File system inputs: 0
	File system outputs: 32
	Socket messages sent: 0
	Socket messages received: 0
	Signals delivered: 0
	Page size (bytes): 4096
	Exit status: 0
