{"device_process_bytes":434110464,"phase":"context"}
{"device_process_bytes":562036736,"phase":"prepared"}
{"device_process_bytes":964689920,"phase":"first_result"}
{"device_process_bytes":964689920,"phase":"after_repeats"}
{"context_ns":258803136,"device":"NVIDIA A800 80GB PCIe","first_resident_ns":15508660,"id":"cuda_density_8","input_bytes":9216,"max_error":3.885780586188048e-16,"precision":"complex128","preparation_upload_ns":327740710,"resident_samples_ns":[27142892,27896780,26369624],"status":"complete","transfer_max_error":3.885780586188048e-16}
	Command being timed: "/home/jinguoliu/yao-rs-feature-work/target/release/cuda_probe cuda_density_8"
	User time (seconds): 0.53
	System time (seconds): 0.67
	Percent of CPU this job got: 89%
	Elapsed (wall clock) time (h:mm:ss or m:ss): 0:01.34
	Average shared text size (kbytes): 0
	Average unshared data size (kbytes): 0
	Average stack size (kbytes): 0
	Average total size (kbytes): 0
	Maximum resident set size (kbytes): 815412
	Average resident set size (kbytes): 0
	Major (requiring I/O) page faults: 0
	Minor (reclaiming a frame) page faults: 144924
	Voluntary context switches: 6361
	Involuntary context switches: 5
	Swaps: 0
	File system inputs: 0
	File system outputs: 8
	Socket messages sent: 0
	Socket messages received: 0
	Signals delivered: 0
	Page size (bytes): 4096
	Exit status: 0
