{"allocated_bytes":8764,"diagnostic_ns":21143,"peak_additional_rust_heap_bytes":4144,"phase":"export","retained_additional_rust_heap_bytes":3888}
{"allocated_bytes":45056,"diagnostic_ns":94380,"peak_additional_rust_heap_bytes":34368,"phase":"conversion","retained_additional_rust_heap_bytes":23552}
{"allocated_bytes":172976,"diagnostic_ns":535008,"peak_additional_rust_heap_bytes":69343,"phase":"planning","retained_additional_rust_heap_bytes":66284}
{"allocated_bytes":119833,"diagnostic_ns":525506,"peak_additional_rust_heap_bytes":69240,"phase":"first_execution","retained_additional_rust_heap_bytes":9776}
{"allocated_bytes":115113,"diagnostic_ns":139495,"peak_additional_rust_heap_bytes":69144,"phase":"warm_execution","retained_additional_rust_heap_bytes":4096}
{"allocated_bytes":14248,"diagnostic_ns":110717,"peak_additional_rust_heap_bytes":12684,"phase":"ad_input","retained_additional_rust_heap_bytes":12684}
{"allocated_bytes":217240,"diagnostic_ns":481538,"peak_additional_rust_heap_bytes":39560,"phase":"ad_forward_tape","retained_additional_rust_heap_bytes":23336}
{"allocated_bytes":934326,"diagnostic_ns":1566197,"peak_additional_rust_heap_bytes":252326,"phase":"ad_backward","retained_additional_rust_heap_bytes":120942}
{"depth":10,"note":"Rust allocator instrumentation excludes provider allocations; timings include instrumentation. Not RSS.","operation":"conj","qubits":8,"state_bytes":4096}
	Command being timed: "/home/jinguoliu/yao-rs-tenferro-work/target/probe/release/memory 8 10"
	User time (seconds): 0.00
	System time (seconds): 0.00
	Percent of CPU this job got: 116%
	Elapsed (wall clock) time (h:mm:ss or m:ss): 0:00.00
	Average shared text size (kbytes): 0
	Average unshared data size (kbytes): 0
	Average stack size (kbytes): 0
	Average total size (kbytes): 0
	Maximum resident set size (kbytes): 13768
	Average resident set size (kbytes): 0
	Major (requiring I/O) page faults: 0
	Minor (reclaiming a frame) page faults: 544
	Voluntary context switches: 68
	Involuntary context switches: 2
	Swaps: 0
	File system inputs: 0
	File system outputs: 8
	Socket messages sent: 0
	Socket messages received: 0
	Signals delivered: 0
	Page size (bytes): 4096
	Exit status: 0
