{"allocated_bytes":8764,"diagnostic_ns":20985,"peak_additional_rust_heap_bytes":4144,"phase":"export","retained_additional_rust_heap_bytes":3888}
{"allocated_bytes":45056,"diagnostic_ns":91509,"peak_additional_rust_heap_bytes":34368,"phase":"conversion","retained_additional_rust_heap_bytes":23552}
{"allocated_bytes":161968,"diagnostic_ns":503105,"peak_additional_rust_heap_bytes":69451,"phase":"planning","retained_additional_rust_heap_bytes":65796}
{"allocated_bytes":116215,"diagnostic_ns":428144,"peak_additional_rust_heap_bytes":69240,"phase":"first_execution","retained_additional_rust_heap_bytes":7952}
{"allocated_bytes":112935,"diagnostic_ns":139236,"peak_additional_rust_heap_bytes":69144,"phase":"warm_execution","retained_additional_rust_heap_bytes":4096}
{"allocated_bytes":14248,"diagnostic_ns":103736,"peak_additional_rust_heap_bytes":12684,"phase":"ad_input","retained_additional_rust_heap_bytes":12684}
{"allocated_bytes":1769408,"diagnostic_ns":2899659,"peak_additional_rust_heap_bytes":189048,"phase":"ad_forward_tape","retained_additional_rust_heap_bytes":172760}
{"allocated_bytes":5895439,"diagnostic_ns":4573504,"peak_additional_rust_heap_bytes":1205790,"phase":"ad_backward","retained_additional_rust_heap_bytes":640918}
{"depth":100,"note":"Rust allocator instrumentation excludes provider allocations; timings include instrumentation. Not RSS.","operation":"conj","qubits":8,"state_bytes":4096}
	Command being timed: "/home/jinguoliu/yao-rs-tenferro-work/target/probe/release/memory 8 100"
	User time (seconds): 0.00
	System time (seconds): 0.00
	Percent of CPU this job got: 109%
	Elapsed (wall clock) time (h:mm:ss or m:ss): 0:00.01
	Average shared text size (kbytes): 0
	Average unshared data size (kbytes): 0
	Average stack size (kbytes): 0
	Average total size (kbytes): 0
	Maximum resident set size (kbytes): 14280
	Average resident set size (kbytes): 0
	Major (requiring I/O) page faults: 0
	Minor (reclaiming a frame) page faults: 933
	Voluntary context switches: 251
	Involuntary context switches: 3
	Swaps: 0
	File system inputs: 0
	File system outputs: 8
	Socket messages sent: 0
	Socket messages received: 0
	Signals delivered: 0
	Page size (bytes): 4096
	Exit status: 0
