{"allocated_bytes":18124,"diagnostic_ns":41587,"peak_additional_rust_heap_bytes":8096,"phase":"export","retained_additional_rust_heap_bytes":7760}
{"allocated_bytes":91520,"diagnostic_ns":159446,"peak_additional_rust_heap_bytes":68672,"phase":"conversion","retained_additional_rust_heap_bytes":47104}
{"allocated_bytes":450812,"diagnostic_ns":1187604,"peak_additional_rust_heap_bytes":125831,"phase":"planning","retained_additional_rust_heap_bytes":121004}
{"allocated_bytes":2364333,"diagnostic_ns":2258134,"peak_additional_rust_heap_bytes":2190536,"phase":"first_execution","retained_additional_rust_heap_bytes":2095888}
{"allocated_bytes":1319773,"diagnostic_ns":1719503,"peak_additional_rust_heap_bytes":1143992,"phase":"warm_execution","retained_additional_rust_heap_bytes":1049344}
{"allocated_bytes":2103208,"diagnostic_ns":954155,"peak_additional_rust_heap_bytes":2101644,"phase":"ad_input","retained_additional_rust_heap_bytes":2101644}
{"allocated_bytes":66977718,"diagnostic_ns":37487249,"peak_additional_rust_heap_bytes":15795788,"phase":"ad_forward_tape","retained_additional_rust_heap_bytes":10549108}
{"allocated_bytes":40171430,"diagnostic_ns":79296021,"peak_additional_rust_heap_bytes":37813802,"phase":"ad_backward","retained_additional_rust_heap_bytes":25847818}
{"depth":10,"note":"Rust allocator instrumentation excludes provider allocations; timings include instrumentation. Not RSS.","operation":"scaled_sin","qubits":16,"state_bytes":1048576}
	Command being timed: "/home/jinguoliu/yao-rs-tenferro-work/target/probe/release/memory 16 10 nonlinear"
	User time (seconds): 0.09
	System time (seconds): 0.04
	Percent of CPU this job got: 99%
	Elapsed (wall clock) time (h:mm:ss or m:ss): 0:00.13
	Average shared text size (kbytes): 0
	Average unshared data size (kbytes): 0
	Average stack size (kbytes): 0
	Average total size (kbytes): 0
	Maximum resident set size (kbytes): 66896
	Average resident set size (kbytes): 0
	Major (requiring I/O) page faults: 0
	Minor (reclaiming a frame) page faults: 14355
	Voluntary context switches: 245
	Involuntary context switches: 2
	Swaps: 0
	File system inputs: 0
	File system outputs: 8
	Socket messages sent: 0
	Socket messages received: 0
	Signals delivered: 0
	Page size (bytes): 4096
	Exit status: 0
