{"allocated_bytes":15132,"diagnostic_ns":37912,"peak_additional_rust_heap_bytes":7856,"phase":"export","retained_additional_rust_heap_bytes":6672}
{"allocated_bytes":90816,"diagnostic_ns":148681,"peak_additional_rust_heap_bytes":68672,"phase":"conversion","retained_additional_rust_heap_bytes":46592}
{"allocated_bytes":283972,"diagnostic_ns":849341,"peak_additional_rust_heap_bytes":101759,"phase":"planning","retained_additional_rust_heap_bytes":92140}
{"allocated_bytes":313217,"diagnostic_ns":724960,"peak_additional_rust_heap_bytes":201624,"phase":"first_execution","retained_additional_rust_heap_bytes":127632}
{"allocated_bytes":252625,"diagnostic_ns":311895,"peak_additional_rust_heap_bytes":140264,"phase":"warm_execution","retained_additional_rust_heap_bytes":66272}
{"allocated_bytes":137128,"diagnostic_ns":155477,"peak_additional_rust_heap_bytes":135564,"phase":"ad_input","retained_additional_rust_heap_bytes":135564}
{"allocated_bytes":1661080,"diagnostic_ns":915121,"peak_additional_rust_heap_bytes":223416,"phase":"ad_forward_tape","retained_additional_rust_heap_bytes":23336}
{"allocated_bytes":1303518,"diagnostic_ns":1741785,"peak_additional_rust_heap_bytes":620966,"phase":"ad_backward","retained_additional_rust_heap_bytes":428142}
{"depth":10,"note":"Rust allocator instrumentation excludes provider allocations; timings include instrumentation. Not RSS.","operation":"conj","qubits":12,"state_bytes":65536}
	Command being timed: "/home/jinguoliu/yao-rs-tenferro-work/target/probe/release/memory 12 10"
	User time (seconds): 0.00
	System time (seconds): 0.00
	Percent of CPU this job got: 114%
	Elapsed (wall clock) time (h:mm:ss or m:ss): 0:00.00
	Average shared text size (kbytes): 0
	Average unshared data size (kbytes): 0
	Average stack size (kbytes): 0
	Average total size (kbytes): 0
	Maximum resident set size (kbytes): 14252
	Average resident set size (kbytes): 0
	Major (requiring I/O) page faults: 0
	Minor (reclaiming a frame) page faults: 724
	Voluntary context switches: 70
	Involuntary context switches: 2
	Swaps: 0
	File system inputs: 0
	File system outputs: 8
	Socket messages sent: 0
	Socket messages received: 0
	Signals delivered: 0
	Page size (bytes): 4096
	Exit status: 0
