{"allocated_bytes":18124,"diagnostic_ns":36905,"peak_additional_rust_heap_bytes":8096,"phase":"export","retained_additional_rust_heap_bytes":7760}
{"allocated_bytes":91520,"diagnostic_ns":129612,"peak_additional_rust_heap_bytes":68672,"phase":"conversion","retained_additional_rust_heap_bytes":47104}
{"allocated_bytes":365212,"diagnostic_ns":937503,"peak_additional_rust_heap_bytes":122591,"phase":"planning","retained_additional_rust_heap_bytes":117764}
{"allocated_bytes":1825803,"diagnostic_ns":2820544,"peak_additional_rust_heap_bytes":1685640,"phase":"first_execution","retained_additional_rust_heap_bytes":1590160}
{"allocated_bytes":1285755,"diagnostic_ns":1774623,"peak_additional_rust_heap_bytes":1144824,"phase":"warm_execution","retained_additional_rust_heap_bytes":1049344}
{"allocated_bytes":2103208,"diagnostic_ns":1021539,"peak_additional_rust_heap_bytes":2101644,"phase":"ad_input","retained_additional_rust_heap_bytes":2101644}
{"allocated_bytes":637157132,"diagnostic_ns":260759133,"peak_additional_rust_heap_bytes":110687596,"phase":"ad_forward_tape","retained_additional_rust_heap_bytes":105429748}
{"allocated_bytes":430743800,"diagnostic_ns":838445332,"peak_additional_rust_heap_bytes":300063930,"phase":"ad_backward","retained_additional_rust_heap_bytes":140283394}
{"depth":100,"note":"Rust allocator instrumentation excludes provider allocations; timings include instrumentation. Not RSS.","operation":"scaled_sin","qubits":16,"state_bytes":1048576}
	Command being timed: "/home/jinguoliu/yao-rs-tenferro-work/target/probe/release/memory 16 100 nonlinear"
	User time (seconds): 0.97
	System time (seconds): 0.17
	Percent of CPU this job got: 98%
	Elapsed (wall clock) time (h:mm:ss or m:ss): 0:01.16
	Average shared text size (kbytes): 0
	Average unshared data size (kbytes): 0
	Average stack size (kbytes): 0
	Average total size (kbytes): 0
	Maximum resident set size (kbytes): 421872
	Average resident set size (kbytes): 0
	Major (requiring I/O) page faults: 0
	Minor (reclaiming a frame) page faults: 103912
	Voluntary context switches: 2395
	Involuntary context switches: 4
	Swaps: 0
	File system inputs: 0
	File system outputs: 8
	Socket messages sent: 0
	Socket messages received: 0
	Signals delivered: 0
	Page size (bytes): 4096
	Exit status: 0
