{"allocated_bytes":18124,"diagnostic_ns":40421,"peak_additional_rust_heap_bytes":8096,"phase":"export","retained_additional_rust_heap_bytes":7760}
{"allocated_bytes":91520,"diagnostic_ns":147772,"peak_additional_rust_heap_bytes":68672,"phase":"conversion","retained_additional_rust_heap_bytes":47104}
{"allocated_bytes":407256,"diagnostic_ns":1117248,"peak_additional_rust_heap_bytes":124187,"phase":"planning","retained_additional_rust_heap_bytes":119360}
{"allocated_bytes":2257538,"diagnostic_ns":2227297,"peak_additional_rust_heap_bytes":2101608,"phase":"first_execution","retained_additional_rust_heap_bytes":2006128}
{"allocated_bytes":1301522,"diagnostic_ns":1620000,"peak_additional_rust_heap_bytes":1144824,"phase":"warm_execution","retained_additional_rust_heap_bytes":1049344}
{"allocated_bytes":2103208,"diagnostic_ns":997091,"peak_additional_rust_heap_bytes":2101644,"phase":"ad_input","retained_additional_rust_heap_bytes":2101644}
{"allocated_bytes":24762520,"diagnostic_ns":5034245,"peak_additional_rust_heap_bytes":3172536,"phase":"ad_forward_tape","retained_additional_rust_heap_bytes":23336}
{"allocated_bytes":7201758,"diagnostic_ns":4435967,"peak_additional_rust_heap_bytes":6519206,"phase":"ad_backward","retained_additional_rust_heap_bytes":5343342}
{"depth":10,"note":"Rust allocator instrumentation excludes provider allocations; timings include instrumentation. Not RSS.","operation":"conj","qubits":16,"state_bytes":1048576}
	Command being timed: "/home/jinguoliu/yao-rs-tenferro-work/target/probe/release/memory 16 10"
	User time (seconds): 0.01
	System time (seconds): 0.00
	Percent of CPU this job got: 105%
	Elapsed (wall clock) time (h:mm:ss or m:ss): 0:00.01
	Average shared text size (kbytes): 0
	Average unshared data size (kbytes): 0
	Average stack size (kbytes): 0
	Average total size (kbytes): 0
	Maximum resident set size (kbytes): 25712
	Average resident set size (kbytes): 0
	Major (requiring I/O) page faults: 0
	Minor (reclaiming a frame) page faults: 4223
	Voluntary context switches: 71
	Involuntary context switches: 2
	Swaps: 0
	File system inputs: 0
	File system outputs: 8
	Socket messages sent: 0
	Socket messages received: 0
	Signals delivered: 0
	Page size (bytes): 4096
	Exit status: 0
