{"allocated_bytes":8304,"diagnostic_ns":9750,"peak_additional_rust_heap_bytes":4608,"phase":"model","retained_additional_rust_heap_bytes":3872}
{"allocated_bytes":1048576,"diagnostic_ns":45708,"peak_additional_rust_heap_bytes":1048576,"phase":"state_input","retained_additional_rust_heap_bytes":1048576}
{"allocated_bytes":45238144,"diagnostic_ns":323891000,"peak_additional_rust_heap_bytes":45186792,"phase":"krylov_execute","retained_additional_rust_heap_bytes":1082792}
{"info":{"estimated_error":7.941309437808292e-9,"matvecs":51,"max_krylov_dim":40,"steps":2,"time_reached":2.1,"tolerance":1e-8},"krylov_dim":40,"model":"heisenberg","norm_squared":0.9999999999999426,"note":"Rust heap instrumentation; timings are diagnostic. RSS includes input, startup and allocator retention.","qubits":16,"rtol":1e-8,"state_bytes":1048576,"status":"complete","time":2.1}
        0.32 real         0.32 user         0.00 sys
            49725440  maximum resident set size
                   0  average shared memory size
                   0  average unshared data size
                   0  average unshared stack size
                3223  page reclaims
                   0  page faults
                   0  swaps
                   0  block input operations
                   0  block output operations
                   0  messages sent
                   0  messages received
                   0  signals received
                   0  voluntary context switches
                  17  involuntary context switches
          8274257173  instructions retired
          1316629771  cycles elapsed
            48071088  peak memory footprint
