{"allocated_bytes":704,"diagnostic_ns":15250,"peak_additional_rust_heap_bytes":432,"phase":"model","retained_additional_rust_heap_bytes":400}
{"allocated_bytes":256,"diagnostic_ns":1792,"peak_additional_rust_heap_bytes":256,"phase":"state_input","retained_additional_rust_heap_bytes":256}
{"allocated_bytes":46089,"diagnostic_ns":194292,"peak_additional_rust_heap_bytes":44632,"phase":"krylov_execute","retained_additional_rust_heap_bytes":34424}
{"info":{"estimated_error":1.8675409618589766e-15,"matvecs":10,"max_krylov_dim":10,"steps":1,"time_reached":0.8,"tolerance":1e-8},"krylov_dim":20,"model":"ising","norm_squared":1.000000000000001,"note":"Rust heap instrumentation; timings are diagnostic. RSS includes input, startup and allocator retention.","qubits":4,"rtol":1e-8,"state_bytes":256,"status":"complete","time":0.8}
        0.00 real         0.00 user         0.00 sys
             3014656  maximum resident set size
                   0  average shared memory size
                   0  average unshared data size
                   0  average unshared stack size
                 370  page reclaims
                   0  page faults
                   0  swaps
                   0  block input operations
                   0  block output operations
                   0  messages sent
                   0  messages received
                   0  signals received
                   0  voluntary context switches
                  17  involuntary context switches
            19864863  instructions retired
             8535095  cycles elapsed
             1573248  peak memory footprint
