{"allocated_bytes":1536,"diagnostic_ns":6459,"peak_additional_rust_heap_bytes":928,"phase":"model","retained_additional_rust_heap_bytes":848}
{"allocated_bytes":4096,"diagnostic_ns":875,"peak_additional_rust_heap_bytes":4096,"phase":"state_input","retained_additional_rust_heap_bytes":4096}
{"allocated_bytes":178217,"diagnostic_ns":473334,"peak_additional_rust_heap_bytes":175368,"phase":"krylov_execute","retained_additional_rust_heap_bytes":38312}
{"info":{"estimated_error":4.498143905373617e-9,"matvecs":25,"max_krylov_dim":25,"steps":1,"time_reached":2.1,"tolerance":1e-8},"krylov_dim":40,"model":"ising","norm_squared":1.0000000000000007,"note":"Rust heap instrumentation; timings are diagnostic. RSS includes input, startup and allocator retention.","qubits":8,"rtol":1e-8,"state_bytes":4096,"status":"complete","time":2.1}
        0.00 real         0.00 user         0.00 sys
             3244032  maximum resident set size
                   0  average shared memory size
                   0  average unshared data size
                   0  average unshared stack size
                 383  page reclaims
                   0  page faults
                   0  swaps
                   0  block input operations
                   0  block output operations
                   0  messages sent
                   0  messages received
                   0  signals received
                   0  voluntary context switches
                  14  involuntary context switches
            26176544  instructions retired
             7502328  cycles elapsed
             1671552  peak memory footprint
