{"allocated_bytes":8304,"diagnostic_ns":8709,"peak_additional_rust_heap_bytes":4608,"phase":"model","retained_additional_rust_heap_bytes":3872}
{"allocated_bytes":1048576,"diagnostic_ns":50041,"peak_additional_rust_heap_bytes":1048576,"phase":"state_input","retained_additional_rust_heap_bytes":1048576}
{"allocated_bytes":24219937,"diagnostic_ns":399392750,"peak_additional_rust_heap_bytes":24170600,"phase":"krylov_execute","retained_additional_rust_heap_bytes":1082792}
{"info":{"estimated_error":8.216311215309651e-9,"matvecs":74,"max_krylov_dim":20,"steps":4,"time_reached":2.1,"tolerance":1e-8},"krylov_dim":20,"model":"heisenberg","norm_squared":1.0000000000000233,"note":"Rust heap instrumentation; timings are diagnostic. RSS includes input, startup and allocator retention.","qubits":16,"rtol":1e-8,"state_bytes":1048576,"status":"complete","time":2.1}
        0.40 real         0.39 user         0.00 sys
            28475392  maximum resident set size
                   0  average shared memory size
                   0  average unshared data size
                   0  average unshared stack size
                1923  page reclaims
                   0  page faults
                   0  swaps
                   0  block input operations
                   0  block output operations
                   0  messages sent
                   0  messages received
                   0  signals received
                   0  voluntary context switches
                  15  involuntary context switches
         10827499580  instructions retired
          1622085529  cycles elapsed
            26935728  peak memory footprint
