{"allocated_bytes":3200,"diagnostic_ns":8458,"peak_additional_rust_heap_bytes":1952,"phase":"model","retained_additional_rust_heap_bytes":1744}
{"allocated_bytes":1048576,"diagnostic_ns":44333,"peak_additional_rust_heap_bytes":1048576,"phase":"state_input","retained_additional_rust_heap_bytes":1048576}
{"allocated_bytes":45234184,"diagnostic_ns":217319292,"peak_additional_rust_heap_bytes":45185736,"phase":"krylov_execute","retained_additional_rust_heap_bytes":1082792}
{"info":{"estimated_error":7.771594770447889e-9,"matvecs":50,"max_krylov_dim":40,"steps":2,"time_reached":2.1,"tolerance":1e-8},"krylov_dim":40,"model":"ising","norm_squared":1.0000000000000073,"note":"Rust heap instrumentation; timings are diagnostic. RSS includes input, startup and allocator retention.","qubits":16,"rtol":1e-8,"state_bytes":1048576,"status":"complete","time":2.1}
        0.21 real         0.21 user         0.00 sys
            49741824  maximum resident set size
                   0  average shared memory size
                   0  average unshared data size
                   0  average unshared stack size
                3223  page reclaims
                   0  page faults
                   0  swaps
                   0  block input operations
                   0  block output operations
                   0  messages sent
                   0  messages received
                   0  signals received
                   0  voluntary context switches
                  14  involuntary context switches
          4990212158  instructions retired
           885267228  cycles elapsed
            48087472  peak memory footprint
