{"allocated_bytes":7216,"diagnostic_ns":8958,"peak_additional_rust_heap_bytes":4480,"phase":"model","retained_additional_rust_heap_bytes":3424}
{"allocated_bytes":65536,"diagnostic_ns":5583,"peak_additional_rust_heap_bytes":65536,"phase":"state_input","retained_additional_rust_heap_bytes":65536}
{"allocated_bytes":1591329,"diagnostic_ns":14941500,"peak_additional_rust_heap_bytes":1560168,"phase":"krylov_execute","retained_additional_rust_heap_bytes":99752}
{"info":{"estimated_error":7.48634063459471e-9,"matvecs":54,"max_krylov_dim":20,"steps":3,"time_reached":2.1,"tolerance":1e-8},"krylov_dim":20,"model":"heisenberg","norm_squared":1.0000000000000009,"note":"Rust heap instrumentation; timings are diagnostic. RSS includes input, startup and allocator retention.","qubits":12,"rtol":1e-8,"state_bytes":65536,"status":"complete","time":2.1}
        0.01 real         0.01 user         0.00 sys
             4800512  maximum resident set size
                   0  average shared memory size
                   0  average unshared data size
                   0  average unshared stack size
                 479  page reclaims
                   0  page faults
                   0  swaps
                   0  block input operations
                   0  block output operations
                   0  messages sent
                   0  messages received
                   0  signals received
                   0  voluntary context switches
                  14  involuntary context switches
           409487848  instructions retired
            66188017  cycles elapsed
             3228032  peak memory footprint
