{"allocated_bytes":3200,"diagnostic_ns":6583,"peak_additional_rust_heap_bytes":1952,"phase":"model","retained_additional_rust_heap_bytes":1744}
{"allocated_bytes":1048576,"diagnostic_ns":40708,"peak_additional_rust_heap_bytes":1048576,"phase":"state_input","retained_additional_rust_heap_bytes":1048576}
{"allocated_bytes":11674793,"diagnostic_ns":634520625,"peak_additional_rust_heap_bytes":11573000,"phase":"krylov_execute","retained_additional_rust_heap_bytes":1082792}
{"info":{"estimated_error":9.935460377646091e-9,"matvecs":237,"max_krylov_dim":8,"steps":30,"time_reached":2.1,"tolerance":1e-8},"krylov_dim":8,"model":"ising","norm_squared":1.0000000000000167,"note":"Rust heap instrumentation; timings are diagnostic. RSS includes input, startup and allocator retention.","qubits":16,"rtol":1e-8,"state_bytes":1048576,"status":"complete","time":2.1}
        0.63 real         0.63 user         0.00 sys
            15679488  maximum resident set size
                   0  average shared memory size
                   0  average unshared data size
                   0  average unshared stack size
                1142  page reclaims
                   0  page faults
                   0  swaps
                   0  block input operations
                   0  block output operations
                   0  messages sent
                   0  messages received
                   0  signals received
                   0  voluntary context switches
                  16  involuntary context switches
         17047318360  instructions retired
          2570933408  cycles elapsed
            14270872  peak memory footprint
