{"allocated_bytes":8304,"diagnostic_ns":8084,"peak_additional_rust_heap_bytes":4608,"phase":"model","retained_additional_rust_heap_bytes":3872}
{"allocated_bytes":1048576,"diagnostic_ns":51500,"peak_additional_rust_heap_bytes":1048576,"phase":"state_input","retained_additional_rust_heap_bytes":1048576}
{"allocated_bytes":11696241,"diagnostic_ns":1312997417,"peak_additional_rust_heap_bytes":11574056,"phase":"krylov_execute","retained_additional_rust_heap_bytes":1082792}
{"info":{"estimated_error":9.636666755072852e-9,"matvecs":279,"max_krylov_dim":8,"steps":35,"time_reached":2.1,"tolerance":1e-8},"krylov_dim":8,"model":"heisenberg","norm_squared":1.0000000000000584,"note":"Rust heap instrumentation; timings are diagnostic. RSS includes input, startup and allocator retention.","qubits":16,"rtol":1e-8,"state_bytes":1048576,"status":"complete","time":2.1}
        1.31 real         1.31 user         0.00 sys
            15679488  maximum resident set size
                   0  average shared memory size
                   0  average unshared data size
                   0  average unshared stack size
                1143  page reclaims
                   0  page faults
                   0  swaps
                   0  block input operations
                   0  block output operations
                   0  messages sent
                   0  messages received
                   0  signals received
                   0  voluntary context switches
                  18  involuntary context switches
         37573722635  instructions retired
          5312934192  cycles elapsed
            14238080  peak memory footprint
