{"allocated_bytes":2368,"diagnostic_ns":10000,"peak_additional_rust_heap_bytes":1440,"phase":"model","retained_additional_rust_heap_bytes":1296}
{"allocated_bytes":65536,"diagnostic_ns":7292,"peak_additional_rust_heap_bytes":65536,"phase":"state_input","retained_additional_rust_heap_bytes":65536}
{"allocated_bytes":844041,"diagnostic_ns":32616500,"peak_additional_rust_heap_bytes":759304,"phase":"krylov_execute","retained_additional_rust_heap_bytes":99752}
{"info":{"estimated_error":9.54154227453729e-9,"matvecs":199,"max_krylov_dim":8,"steps":25,"time_reached":2.1,"tolerance":1e-8},"krylov_dim":8,"model":"ising","norm_squared":1.0000000000000033,"note":"Rust heap instrumentation; timings are diagnostic. RSS includes input, startup and allocator retention.","qubits":12,"rtol":1e-8,"state_bytes":65536,"status":"complete","time":2.1}
        0.03 real         0.03 user         0.00 sys
             3850240  maximum resident set size
                   0  average shared memory size
                   0  average unshared data size
                   0  average unshared stack size
                 420  page reclaims
                   0  page faults
                   0  swaps
                   0  block input operations
                   0  block output operations
                   0  messages sent
                   0  messages received
                   0  signals received
                   0  voluntary context switches
                  18  involuntary context switches
           725819202  instructions retired
           117024760  cycles elapsed
             2441624  peak memory footprint
