{"allocated_bytes":7216,"diagnostic_ns":9000,"peak_additional_rust_heap_bytes":4480,"phase":"model","retained_additional_rust_heap_bytes":3424}
{"allocated_bytes":65536,"diagnostic_ns":4958,"peak_additional_rust_heap_bytes":65536,"phase":"state_input","retained_additional_rust_heap_bytes":65536}
{"allocated_bytes":864257,"diagnostic_ns":56060417,"peak_additional_rust_heap_bytes":760104,"phase":"krylov_execute","retained_additional_rust_heap_bytes":99752}
{"info":{"estimated_error":9.43645981576297e-9,"matvecs":240,"max_krylov_dim":8,"steps":30,"time_reached":2.1,"tolerance":1e-8},"krylov_dim":8,"model":"heisenberg","norm_squared":1.000000000000009,"note":"Rust heap instrumentation; timings are diagnostic. RSS includes input, startup and allocator retention.","qubits":12,"rtol":1e-8,"state_bytes":65536,"status":"complete","time":2.1}
        0.05 real         0.05 user         0.00 sys
             3833856  maximum resident set size
                   0  average shared memory size
                   0  average unshared data size
                   0  average unshared stack size
                 419  page reclaims
                   0  page faults
                   0  swaps
                   0  block input operations
                   0  block output operations
                   0  messages sent
                   0  messages received
                   0  signals received
                   0  voluntary context switches
                  14  involuntary context switches
          1584628126  instructions retired
           232384076  cycles elapsed
             2408856  peak memory footprint
