{"allocated_bytes":4080,"diagnostic_ns":7208,"peak_additional_rust_heap_bytes":2304,"phase":"model","retained_additional_rust_heap_bytes":1952}
{"allocated_bytes":4096,"diagnostic_ns":1500,"peak_additional_rust_heap_bytes":4096,"phase":"state_input","retained_additional_rust_heap_bytes":4096}
{"allocated_bytes":151585,"diagnostic_ns":1840791,"peak_additional_rust_heap_bytes":83752,"phase":"krylov_execute","retained_additional_rust_heap_bytes":38312}
{"info":{"estimated_error":9.662426735852772e-9,"matvecs":158,"max_krylov_dim":8,"steps":20,"time_reached":2.1,"tolerance":1e-8},"krylov_dim":8,"model":"heisenberg","norm_squared":1.0000000000000075,"note":"Rust heap instrumentation; timings are diagnostic. RSS includes input, startup and allocator retention.","qubits":8,"rtol":1e-8,"state_bytes":4096,"status":"complete","time":2.1}
        0.00 real         0.00 user         0.00 sys
             3096576  maximum resident set size
                   0  average shared memory size
                   0  average unshared data size
                   0  average unshared stack size
                 376  page reclaims
                   0  page faults
                   0  swaps
                   0  block input operations
                   0  block output operations
                   0  messages sent
                   0  messages received
                   0  signals received
                   0  voluntary context switches
                  13  involuntary context switches
            66142394  instructions retired
            13706290  cycles elapsed
             1655168  peak memory footprint
