{"allocated_bytes":1536,"diagnostic_ns":5958,"peak_additional_rust_heap_bytes":928,"phase":"model","retained_additional_rust_heap_bytes":848}
{"allocated_bytes":4096,"diagnostic_ns":917,"peak_additional_rust_heap_bytes":4096,"phase":"state_input","retained_additional_rust_heap_bytes":4096}
{"allocated_bytes":158281,"diagnostic_ns":690708,"peak_additional_rust_heap_bytes":145992,"phase":"krylov_execute","retained_additional_rust_heap_bytes":38312}
{"info":{"estimated_error":6.809198821397983e-9,"matvecs":35,"max_krylov_dim":20,"steps":2,"time_reached":2.1,"tolerance":1e-8},"krylov_dim":20,"model":"ising","norm_squared":0.9999999999999996,"note":"Rust heap instrumentation; timings are diagnostic. RSS includes input, startup and allocator retention.","qubits":8,"rtol":1e-8,"state_bytes":4096,"status":"complete","time":2.1}
        0.00 real         0.00 user         0.00 sys
             3293184  maximum resident set size
                   0  average shared memory size
                   0  average unshared data size
                   0  average unshared stack size
                 386  page reclaims
                   0  page faults
                   0  swaps
                   0  block input operations
                   0  block output operations
                   0  messages sent
                   0  messages received
                   0  signals received
                   0  voluntary context switches
                  15  involuntary context switches
            27561962  instructions retired
             7747047  cycles elapsed
             1720704  peak memory footprint
