{"allocated_bytes":2368,"diagnostic_ns":7125,"peak_additional_rust_heap_bytes":1440,"phase":"model","retained_additional_rust_heap_bytes":1296}
{"allocated_bytes":65536,"diagnostic_ns":5125,"peak_additional_rust_heap_bytes":65536,"phase":"state_input","retained_additional_rust_heap_bytes":65536}
{"allocated_bytes":1588201,"diagnostic_ns":9648875,"peak_additional_rust_heap_bytes":1559368,"phase":"krylov_execute","retained_additional_rust_heap_bytes":99752}
{"info":{"estimated_error":8.257836981929041e-9,"matvecs":53,"max_krylov_dim":20,"steps":3,"time_reached":2.1,"tolerance":1e-8},"krylov_dim":20,"model":"ising","norm_squared":1.000000000000005,"note":"Rust heap instrumentation; timings are diagnostic. RSS includes input, startup and allocator retention.","qubits":12,"rtol":1e-8,"state_bytes":65536,"status":"complete","time":2.1}
        0.01 real         0.01 user         0.00 sys
             4784128  maximum resident set size
                   0  average shared memory size
                   0  average unshared data size
                   0  average unshared stack size
                 477  page reclaims
                   0  page faults
                   0  swaps
                   0  block input operations
                   0  block output operations
                   0  messages sent
                   0  messages received
                   0  signals received
                   0  voluntary context switches
                  14  involuntary context switches
           244180714  instructions retired
            44458136  cycles elapsed
             3244440  peak memory footprint
