{"allocated_bytes":3200,"diagnostic_ns":8625,"peak_additional_rust_heap_bytes":1952,"phase":"model","retained_additional_rust_heap_bytes":1744}
{"allocated_bytes":1048576,"diagnostic_ns":45083,"peak_additional_rust_heap_bytes":1048576,"phase":"state_input","retained_additional_rust_heap_bytes":1048576}
{"allocated_bytes":24210969,"diagnostic_ns":230511042,"peak_additional_rust_heap_bytes":24169544,"phase":"krylov_execute","retained_additional_rust_heap_bytes":1082792}
{"info":{"estimated_error":9.561825960399027e-9,"matvecs":68,"max_krylov_dim":20,"steps":4,"time_reached":2.1,"tolerance":1e-8},"krylov_dim":20,"model":"ising","norm_squared":0.9999999999999999,"note":"Rust heap instrumentation; timings are diagnostic. RSS includes input, startup and allocator retention.","qubits":16,"rtol":1e-8,"state_bytes":1048576,"status":"complete","time":2.1}
        0.23 real         0.23 user         0.00 sys
            28442624  maximum resident set size
                   0  average shared memory size
                   0  average unshared data size
                   0  average unshared stack size
                1922  page reclaims
                   0  page faults
                   0  swaps
                   0  block input operations
                   0  block output operations
                   0  messages sent
                   0  messages received
                   0  signals received
                   0  voluntary context switches
                  28  involuntary context switches
          5668043323  instructions retired
           932837051  cycles elapsed
            26935728  peak memory footprint
