{"allocated_bytes":2368,"diagnostic_ns":6792,"peak_additional_rust_heap_bytes":1440,"phase":"model","retained_additional_rust_heap_bytes":1296}
{"allocated_bytes":65536,"diagnostic_ns":5250,"peak_additional_rust_heap_bytes":65536,"phase":"state_input","retained_additional_rust_heap_bytes":65536}
{"allocated_bytes":2541600,"diagnostic_ns":8460833,"peak_additional_rust_heap_bytes":2514760,"phase":"krylov_execute","retained_additional_rust_heap_bytes":99752}
{"info":{"estimated_error":5.1882300740811215e-9,"matvecs":34,"max_krylov_dim":34,"steps":1,"time_reached":2.1,"tolerance":1e-8},"krylov_dim":40,"model":"ising","norm_squared":1.0000000000000002,"note":"Rust heap instrumentation; timings are diagnostic. RSS includes input, startup and allocator retention.","qubits":12,"rtol":1e-8,"state_bytes":65536,"status":"complete","time":2.1}
        0.01 real         0.00 user         0.00 sys
             5865472  maximum resident set size
                   0  average shared memory size
                   0  average unshared data size
                   0  average unshared stack size
                 543  page reclaims
                   0  page faults
                   0  swaps
                   0  block input operations
                   0  block output operations
                   0  messages sent
                   0  messages received
                   0  signals received
                   0  voluntary context switches
                  14  involuntary context switches
           200309877  instructions retired
            39987999  cycles elapsed
             4194712  peak memory footprint
